ARM Linker, 5.03 [Build 76] [MDK-ARM Lite]

==============================================================================

Section Cross References

    main.o(i.CAN_Config) refers to stm32f4xx_rcc.o(i.RCC_AHB1PeriphClockCmd) for RCC_AHB1PeriphClockCmd
    main.o(i.CAN_Config) refers to stm32f4xx_gpio.o(i.GPIO_PinAFConfig) for GPIO_PinAFConfig
    main.o(i.CAN_Config) refers to stm32f4xx_gpio.o(i.GPIO_Init) for GPIO_Init
    main.o(i.CAN_Config) refers to stm32f4xx_rcc.o(i.RCC_APB1PeriphClockCmd) for RCC_APB1PeriphClockCmd
    main.o(i.CAN_Config) refers to stm32f4xx_can.o(i.CAN_DeInit) for CAN_DeInit
    main.o(i.CAN_Config) refers to stm32f4xx_can.o(i.CAN_Init) for CAN_Init
    main.o(i.CAN_Config) refers to stm32f4xx_can.o(i.CAN_FilterInit) for CAN_FilterInit
    main.o(i.CAN_Config) refers to stm32f4xx_can.o(i.CAN_ITConfig) for CAN_ITConfig
    main.o(i.CAN_Config) refers to main.o(.data) for .data
    main.o(i.CAN_Config) refers to main.o(.bss) for .bss
    main.o(i.Delay) refers to stm32f4xx_it.o(.data) for msCount
    main.o(i.LCD_Config) refers to stm32f429i_discovery_lcd.o(i.LCD_Init) for LCD_Init
    main.o(i.LCD_Config) refers to stm32f429i_discovery_lcd.o(i.LCD_LayerInit) for LCD_LayerInit
    main.o(i.LCD_Config) refers to stm32f4xx_ltdc.o(i.LTDC_Cmd) for LTDC_Cmd
    main.o(i.LCD_Config) refers to stm32f429i_discovery_lcd.o(i.LCD_SetLayer) for LCD_SetLayer
    main.o(i.LCD_Config) refers to stm32f429i_discovery_lcd.o(i.LCD_Clear) for LCD_Clear
    main.o(i.LCD_DisplayFloat) refers to _printf_percent.o(.ARM.Collect$$_printf_percent$$00000000) for _printf_percent
    main.o(i.LCD_DisplayFloat) refers to _printf_f.o(.ARM.Collect$$_printf_percent$$00000003) for _printf_f
    main.o(i.LCD_DisplayFloat) refers to printf1.o(x$fpl$printf1) for _printf_fp_dec
    main.o(i.LCD_DisplayFloat) refers to f2d.o(x$fpl$f2d) for __aeabi_f2d
    main.o(i.LCD_DisplayFloat) refers to noretval__2sprintf.o(.text) for __2sprintf
    main.o(i.LCD_DisplayFloat) refers to main.o(i.LCD_DisplayString) for LCD_DisplayString
    main.o(i.LCD_DisplayInt) refers to _printf_percent.o(.ARM.Collect$$_printf_percent$$00000000) for _printf_percent
    main.o(i.LCD_DisplayInt) refers to _printf_d.o(.ARM.Collect$$_printf_percent$$00000009) for _printf_d
    main.o(i.LCD_DisplayInt) refers to _printf_dec.o(.text) for _printf_int_dec
    main.o(i.LCD_DisplayInt) refers to noretval__2sprintf.o(.text) for __2sprintf
    main.o(i.LCD_DisplayInt) refers to main.o(i.LCD_DisplayString) for LCD_DisplayString
    main.o(i.LCD_DisplayInt) refers to main.o(.constdata) for .constdata
    main.o(i.LCD_DisplayString) refers to stm32f429i_discovery_lcd.o(i.LCD_GetFont) for LCD_GetFont
    main.o(i.LCD_DisplayString) refers to stm32f429i_discovery_lcd.o(i.LCD_DisplayChar) for LCD_DisplayChar
    main.o(i.LEDs_Init) refers to stm32f429i_discovery.o(i.STM_EVAL_LEDInit) for STM_EVAL_LEDInit
    main.o(i.Msg_Display) refers to main.o(i.LCD_Config) for LCD_Config
    main.o(i.Msg_Display) refers to main.o(i.LCD_DisplayString) for LCD_DisplayString
    main.o(i.Msg_Display) refers to main.o(i.LCD_DisplayInt) for LCD_DisplayInt
    main.o(i.Msg_Display) refers to main.o(i.Delay) for Delay
    main.o(i.Msg_Display) refers to stm32f429i_discovery_lcd.o(i.LCD_DeInit) for LCD_DeInit
    main.o(i.Msg_Display) refers to main.o(i.NVIC_SystemReset) for NVIC_SystemReset
    main.o(i.NVIC_Config) refers to misc.o(i.NVIC_Init) for NVIC_Init
    main.o(i.main) refers to main.o(i.NVIC_SetPriority) for NVIC_SetPriority
    main.o(i.main) refers to main.o(i.NVIC_Config) for NVIC_Config
    main.o(i.main) refers to main.o(i.LEDs_Init) for LEDs_Init
    main.o(i.main) refers to stm32f429i_discovery.o(i.STM_EVAL_PBInit) for STM_EVAL_PBInit
    main.o(i.main) refers to main.o(i.CAN_Config) for CAN_Config
    main.o(i.main) refers to stm32f429i_discovery.o(i.STM_EVAL_LEDOn) for STM_EVAL_LEDOn
    main.o(i.main) refers to stm32f4xx_can.o(i.CAN_Transmit) for CAN_Transmit
    main.o(i.main) refers to stm32f429i_discovery.o(i.STM_EVAL_LEDOff) for STM_EVAL_LEDOff
    main.o(i.main) refers to main.o(i.Delay) for Delay
    main.o(i.main) refers to stm32f4xx_can.o(i.CAN_TransmitStatus) for CAN_TransmitStatus
    main.o(i.main) refers to stm32f4xx_can.o(i.CAN_CancelTransmit) for CAN_CancelTransmit
    main.o(i.main) refers to main.o(i.NVIC_SystemReset) for NVIC_SystemReset
    main.o(i.main) refers to stm32f429i_discovery.o(i.STM_EVAL_PBGetState) for STM_EVAL_PBGetState
    main.o(i.main) refers to system_stm32f4xx.o(.data) for SystemCoreClock
    main.o(i.main) refers to main.o(.data) for .data
    main.o(i.main) refers to main.o(.bss) for .bss
    stm32f4xx_it.o(i.CAN1_RX0_IRQHandler) refers to stm32f4xx_can.o(i.CAN_GetFlagStatus) for CAN_GetFlagStatus
    stm32f4xx_it.o(i.CAN1_RX0_IRQHandler) refers to stm32f4xx_can.o(i.CAN_Receive) for CAN_Receive
[...]
    ../clib/angel/handlers.s                 0x00000000   Number         0  __scatter_zi.o ABSOLUTE
    ../clib/angel/handlers.s                 0x00000000   Number         0  __scatter_copy.o ABSOLUTE
    ../clib/angel/kernel.s                   0x00000000   Number         0  rtentry2.o ABSOLUTE
    ../clib/angel/kernel.s                   0x00000000   Number         0  rtexit2.o ABSOLUTE
    ../clib/angel/kernel.s                   0x00000000   Number         0  rtentry.o ABSOLUTE
    ../clib/angel/kernel.s                   0x00000000   Number         0  rtexit.o ABSOLUTE
    ../clib/angel/kernel.s                   0x00000000   Number         0  rtentry4.o ABSOLUTE
    ../clib/angel/rt.s                       0x00000000   Number         0  rt_raise.o ABSOLUTE
    ../clib/angel/rt.s                       0x00000000   Number         0  rt_locale.o ABSOLUTE
    ../clib/angel/rt.s                       0x00000000   Number         0  rt_locale_intlibspace.o ABSOLUTE
    ../clib/angel/scatter.s                  0x00000000   Number         0  __scatter.o ABSOLUTE
    ../clib/angel/startup.s                  0x00000000   Number         0  __main.o ABSOLUTE
    ../clib/angel/sys.s                      0x00000000   Number         0  libspace.o ABSOLUTE
    ../clib/angel/sys.s                      0x00000000   Number         0  sys_stackheap_outer.o ABSOLUTE
    ../clib/angel/sys.s                      0x00000000   Number         0  use_no_semi.o ABSOLUTE
    ../clib/angel/sys.s                      0x00000000   Number         0  indicate_semi.o ABSOLUTE
    ../clib/angel/sysapp.c                   0x00000000   Number         0  sys_command.o ABSOLUTE
    ../clib/angel/sysapp.c                   0x00000000   Number         0  sys_exit.o ABSOLUTE
    ../clib/angel/sysapp.c                   0x00000000   Number         0  sys_wrch.o ABSOLUTE
    ../clib/armsys.c                         0x00000000   Number         0  no_argv.o ABSOLUTE
    ../clib/armsys.c                         0x00000000   Number         0  _get_argv_nomalloc.o ABSOLUTE
    ../clib/armsys.c                         0x00000000   Number         0  argv_veneer.o ABSOLUTE
    ../clib/armsys.c                         0x00000000   Number         0  argv_veneer.o ABSOLUTE
    ../clib/bigflt.c                         0x00000000   Number         0  bigflt0.o ABSOLUTE
    ../clib/btod.s                           0x00000000   Number         0  btod.o ABSOLUTE
    ../clib/heapalloc.c                      0x00000000   Number         0  hrguard.o ABSOLUTE
    ../clib/heapaux.c                        0x00000000   Number         0  heapauxi.o ABSOLUTE
    ../clib/libinit.s                        0x00000000   Number         0  libshutdown.o ABSOLUTE
    ../clib/libinit.s                        0x00000000   Number         0  libshutdown2.o ABSOLUTE
    ../clib/libinit.s                        0x00000000   Number         0  libinit.o ABSOLUTE
    ../clib/libinit.s                        0x00000000   Number         0  libinit2.o ABSOLUTE
    ../clib/locale.s                         0x00000000   Number         0  lc_numeric_c.o ABSOLUTE
    ../clib/longlong.s                       0x00000000   Number         0  lludiv10.o ABSOLUTE
    ../clib/memcpset.s                       0x00000000   Number         0  strcmpv7m.o ABSOLUTE
    ../clib/misc.s                           0x00000000   Number         0  printf_stubs.o ABSOLUTE
    ../clib/printf.c                         0x00000000   Number         0  __printf_ss.o ABSOLUTE
    ../clib/printf.c                         0x00000000   Number         0  __printf_flags_ss.o ABSOLUTE
    ../clib/printf.c                         0x00000000   Number         0  __printf_flags_ss_wp.o ABSOLUTE
    ../clib/printf.c                         0x00000000   Number         0  __printf_wp.o ABSOLUTE
    ../clib/printf.c                         0x00000000   Number         0  __printf_flags_wp.o ABSOLUTE
    ../clib/printf.c                         0x00000000   Number         0  __printf_ss_wp.o ABSOLUTE
    ../clib/printf.c                         0x00000000   Number         0  __printf.o ABSOLUTE
    ../clib/printf.c                         0x00000000   Number         0  _printf_intcommon.o ABSOLUTE
    ../clib/printf.c                         0x00000000   Number         0  noretval__2sprintf.o ABSOLUTE
    ../clib/printf.c                         0x00000000   Number         0  _printf_fp_dec.o ABSOLUTE
    ../clib/printf.c                         0x00000000   Number         0  _printf_char_common.o ABSOLUTE
    ../clib/printf.c                         0x00000000   Number         0  _sputc.o ABSOLUTE
    ../clib/printf.c                         0x00000000   Number         0  _printf_dec.o ABSOLUTE
    ../clib/printf.c                         0x00000000   Number         0  __printf_nopercent.o ABSOLUTE
    ../clib/printf.c                         0x00000000   Number         0  _printf_fp_infnan.o ABSOLUTE
    ../clib/printf.c                         0x00000000   Number         0  __2sprintf.o ABSOLUTE
    ../clib/printf.c                         0x00000000   Number         0  __printf_flags.o ABSOLUTE
    ../clib/printf_percent.s                 0x00000000   Number         0  _printf_d.o ABSOLUTE
    ../clib/printf_percent.s                 0x00000000   Number         0  _printf_f.o ABSOLUTE
    ../clib/printf_percent.s                 0x00000000   Number         0  _printf_percent.o ABSOLUTE
    ../clib/printf_percent.s                 0x00000000   Number         0  _printf_percent_end.o ABSOLUTE
    ../clib/signal.c                         0x00000000   Number         0  defsig_abrt_inner.o ABSOLUTE
    ../clib/signal.c                         0x00000000   Number         0  defsig_general.o ABSOLUTE
    ../clib/signal.c                         0x00000000   Number         0  __raise.o ABSOLUTE
    ../clib/signal.c                         0x00000000   Number         0  defsig_rtmem_inner.o ABSOLUTE
    ../clib/signal.c                         0x00000000   Number         0  defsig_exit.o ABSOLUTE
    ../clib/signal.c                         0x00000000   Number         0  defsig_rtmem_formal.o ABSOLUTE
    ../clib/signal.c                         0x00000000   Number         0  defsig_rtmem_outer.o ABSOLUTE
    ../clib/signal.c                         0x00000000   Number         0  defsig_other.o ABSOLUTE
    ../clib/signal.c                         0x00000000   Number         0  defsig_segv_inner.o ABSOLUTE
    ../clib/signal.c                         0x00000000   Number         0  defsig_cppl_inner.o ABSOLUTE
    ../clib/signal.c                         0x00000000   Number         0  defsig_pvfn_inner.o ABSOLUTE
    ../clib/signal.c                         0x00000000   Number         0  defsig_stak_inner.o ABSOLUTE
    ../clib/signal.c                         0x00000000   Number         0  defsig_rtred_inner.o ABSOLUTE
    ../clib/signal.c                         0x00000000   Number         0  defsig_fpe_inner.o ABSOLUTE
    ../clib/signal.s                         0x00000000   Number         0  defsig.o ABSOLUTE
    ../clib/stdlib.c                         0x00000000   Number         0  exit.o ABSOLUTE
    ../fplib/dretinf.s                       0x00000000   Number         0  dretinf.o ABSOLUTE
    ../fplib/f2d.s                           0x00000000   Number         0  f2d.o ABSOLUTE
    ../fplib/fnaninf.s                       0x00000000   Number         0  fnaninf.o ABSOLUTE
    ../fplib/fpinit.s                        0x00000000   Number         0  fpinit.o ABSOLUTE
    ../fplib/istatus.s                       0x00000000   Number         0  istatus.o ABSOLUTE
    ../fplib/printf1.s                       0x00000000   Number         0  printf1.o ABSOLUTE
    ../fplib/usenofp.s                       0x00000000   Number         0  usenofp.o ABSOLUTE
    ../mathlib/fpclassify.c                  0x00000000   Number         0  fpclassify.o ABSOLUTE
    ..\STM32F429I-Discovery_FW_V1.0.1\Libraries\STM32F4xx_StdPeriph_Driver\src\misc.c 0x00000000   Number         0  misc.o ABSOLUTE
    ..\STM32F429I-Discovery_FW_V1.0.1\Libraries\STM32F4xx_StdPeriph_Driver\src\stm32f4xx_adc.c 0x00000000   Number         0  stm32f4xx_adc.o ABSOLUTE
    ..\STM32F429I-Discovery_FW_V1.0.1\Libraries\STM32F4xx_StdPeriph_Driver\src\stm32f4xx_can.c 0x00000000   Number         0  stm32f4xx_can.o ABSOLUTE
    ..\STM32F429I-Discovery_FW_V1.0.1\Libraries\STM32F4xx_StdPeriph_Driver\src\stm32f4xx_dma.c 0x00000000   Number         0  stm32f4xx_dma.o ABSOLUTE
    ..\STM32F429I-Discovery_FW_V1.0.1\Libraries\STM32F4xx_StdPeriph_Driver\src\stm32f4xx_dma2d.c 0x00000000   Number         0  stm32f4xx_dma2d.o ABSOLUTE
    ..\STM32F429I-Discovery_FW_V1.0.1\Libraries\STM32F4xx_StdPeriph_Driver\src\stm32f4xx_exti.c 0x00000000   Number         0  stm32f4xx_exti.o ABSOLUTE
    ..\STM32F429I-Discovery_FW_V1.0.1\Libraries\STM32F4xx_StdPeriph_Driver\src\stm32f4xx_flash.c 0x00000000   Number         0  stm32f4xx_flash.o ABSOLUTE
    ..\STM32F429I-Discovery_FW_V1.0.1\Libraries\STM32F4xx_StdPeriph_Driver\src\stm32f4xx_fmc.c 0x00000000   Number         0  stm32f4xx_fmc.o ABSOLUTE
    ..\STM32F429I-Discovery_FW_V1.0.1\Libraries\STM32F4xx_StdPeriph_Driver\src\stm32f4xx_gpio.c 0x00000000   Number         0  stm32f4xx_gpio.o ABSOLUTE
    ..\STM32F429I-Discovery_FW_V1.0.1\Libraries\STM32F4xx_StdPeriph_Driver\src\stm32f4xx_i2c.c 0x00000000   Number         0  stm32f4xx_i2c.o ABSOLUTE
    ..\STM32F429I-Discovery_FW_V1.0.1\Libraries\STM32F4xx_StdPeriph_Driver\src\stm32f4xx_ltdc.c 0x00000000   Number         0  stm32f4xx_ltdc.o ABSOLUTE
    ..\STM32F429I-Discovery_FW_V1.0.1\Libraries\STM32F4xx_StdPeriph_Driver\src\stm32f4xx_rcc.c 0x00000000   Number         0  stm32f4xx_rcc.o ABSOLUTE
    ..\STM32F429I-Discovery_FW_V1.0.1\Libraries\STM32F4xx_StdPeriph_Driver\src\stm32f4xx_spi.c 0x00000000   Number         0  stm32f4xx_spi.o ABSOLUTE
    ..\STM32F429I-Discovery_FW_V1.0.1\Libraries\STM32F4xx_StdPeriph_Driver\src\stm32f4xx_syscfg.c 0x00000000   Number         0  stm32f4xx_syscfg.o ABSOLUTE
    ..\STM32F429I-Discovery_FW_V1.0.1\Libraries\STM32F4xx_StdPeriph_Driver\src\stm32f4xx_tim.c 0x00000000   Number         0  stm32f4xx_tim.o ABSOLUTE
    ..\STM32F429I-Discovery_FW_V1.0.1\Libraries\STM32F4xx_StdPeriph_Driver\src\stm32f4xx_usart.c 0x00000000   Number         0  stm32f4xx_usart.o ABSOLUTE
    ..\STM32F429I-Discovery_FW_V1.0.1\Utilities\STM32F429I-Discovery\stm32f429i_discovery.c 0x00000000   Number         0  stm32f429i_discovery.o ABSOLUTE
    ..\STM32F429I-Discovery_FW_V1.0.1\Utilities\STM32F429I-Discovery\stm32f429i_discovery_lcd.c 0x00000000   Number         0  stm32f429i_discovery_lcd.o ABSOLUTE
    ..\STM32F429I-Discovery_FW_V1.0.1\Utilities\STM32F429I-Discovery\stm32f429i_discovery_sdram.c 0x00000000   Number         0  stm32f429i_discovery_sdram.o ABSOLUTE
    ..\\STM32F429I-Discovery_FW_V1.0.1\\Libraries\\STM32F4xx_StdPeriph_Driver\\src\\misc.c 0x00000000   Number         0  misc.o ABSOLUTE
    ..\\STM32F429I-Discovery_FW_V1.0.1\\Libraries\\STM32F4xx_StdPeriph_Driver\\src\\stm32f4xx_adc.c 0x00000000   Number         0  stm32f4xx_adc.o ABSOLUTE
    ..\\STM32F429I-Discovery_FW_V1.0.1\\Libraries\\STM32F4xx_StdPeriph_Driver\\src\\stm32f4xx_can.c 0x00000000   Number         0  stm32f4xx_can.o ABSOLUTE
    ..\\STM32F429I-Discovery_FW_V1.0.1\\Libraries\\STM32F4xx_StdPeriph_Driver\\src\\stm32f4xx_dma.c 0x00000000   Number         0  stm32f4xx_dma.o ABSOLUTE
    ..\\STM32F429I-Discovery_FW_V1.0.1\\Libraries\\STM32F4xx_StdPeriph_Driver\\src\\stm32f4xx_dma2d.c 0x00000000   Number         0  stm32f4xx_dma2d.o ABSOLUTE
    ..\\STM32F429I-Discovery_FW_V1.0.1\\Libraries\\STM32F4xx_StdPeriph_Driver\\src\\stm32f4xx_exti.c 0x00000000   Number         0  stm32f4xx_exti.o ABSOLUTE
    ..\\STM32F429I-Discovery_FW_V1.0.1\\Libraries\\STM32F4xx_StdPeriph_Driver\\src\\stm32f4xx_flash.c 0x00000000   Number         0  stm32f4xx_flash.o ABSOLUTE
    ..\\STM32F429I-Discovery_FW_V1.0.1\\Libraries\\STM32F4xx_StdPeriph_Driver\\src\\stm32f4xx_fmc.c 0x00000000   Number         0  stm32f4xx_fmc.o ABSOLUTE
    ..\\STM32F429I-Discovery_FW_V1.0.1\\Libraries\\STM32F4xx_StdPeriph_Driver\\src\\stm32f4xx_gpio.c 0x00000000   Number         0  stm32f4xx_gpio.o ABSOLUTE
    ..\\STM32F429I-Discovery_FW_V1.0.1\\Libraries\\STM32F4xx_StdPeriph_Driver\\src\\stm32f4xx_i2c.c 0x00000000   Number         0  stm32f4xx_i2c.o ABSOLUTE
    ..\\STM32F429I-Discovery_FW_V1.0.1\\Libraries\\STM32F4xx_StdPeriph_Driver\\src\\stm32f4xx_ltdc.c 0x00000000   Number         0  stm32f4xx_ltdc.o ABSOLUTE
    ..\\STM32F429I-Discovery_FW_V1.0.1\\Libraries\\STM32F4xx_StdPeriph_Driver\\src\\stm32f4xx_rcc.c 0x00000000   Number         0  stm32f4xx_rcc.o ABSOLUTE
    ..\\STM32F429I-Discovery_FW_V1.0.1\\Libraries\\STM32F4xx_StdPeriph_Driver\\src\\stm32f4xx_spi.c 0x00000000   Number         0  stm32f4xx_spi.o ABSOLUTE
    ..\\STM32F429I-Discovery_FW_V1.0.1\\Libraries\\STM32F4xx_StdPeriph_Driver\\src\\stm32f4xx_syscfg.c 0x00000000   Number         0  stm32f4xx_syscfg.o ABSOLUTE
    ..\\STM32F429I-Discovery_FW_V1.0.1\\Libraries\\STM32F4xx_StdPeriph_Driver\\src\\stm32f4xx_tim.c 0x00000000   Number         0  stm32f4xx_tim.o ABSOLUTE
    ..\\STM32F429I-Discovery_FW_V1.0.1\\Libraries\\STM32F4xx_StdPeriph_Driver\\src\\stm32f4xx_usart.c 0x00000000   Number         0  stm32f4xx_usart.o ABSOLUTE
    ..\\STM32F429I-Discovery_FW_V1.0.1\\Utilities\\STM32F429I-Discovery\\stm32f429i_discovery.c 0x00000000   Number         0  stm32f429i_discovery.o ABSOLUTE
    ..\\STM32F429I-Discovery_FW_V1.0.1\\Utilities\\STM32F429I-Discovery\\stm32f429i_discovery_lcd.c 0x00000000   Number         0  stm32f429i_discovery_lcd.o ABSOLUTE
    ..\\STM32F429I-Discovery_FW_V1.0.1\\Utilities\\STM32F429I-Discovery\\stm32f429i_discovery_sdram.c 0x00000000   Number         0  stm32f429i_discovery_sdram.o ABSOLUTE
    dc.s                                     0x00000000   Number         0  dc.o ABSOLUTE
    src\\main.c                              0x00000000   Number         0  main.o ABSOLUTE
    src\\stm32f4xx_it.c                      0x00000000   Number         0  stm32f4xx_it.o ABSOLUTE
    src\\system_stm32f4xx.c                  0x00000000   Number         0  system_stm32f4xx.o ABSOLUTE
    src\main.c                               0x00000000   Number         0  main.o ABSOLUTE
    src\stm32f4xx_it.c                       0x00000000   Number         0  stm32f4xx_it.o ABSOLUTE
    src\system_stm32f4xx.c                   0x00000000   Number         0  system_stm32f4xx.o ABSOLUTE
    startup_stm32f429_439xx.s                0x00000000   Number         0  startup_stm32f429_439xx.o ABSOLUTE
    RESET                                    0x08000000   Section      428  startup_stm32f429_439xx.o(RESET)
    !!!main                                  0x080001ac   Section        8  __main.o(!!!main)
    !!!scatter                               0x080001b4   Section       52  __scatter.o(!!!scatter)
    !!handler_copy                           0x080001e8   Section       26  __scatter_copy.o(!!handler_copy)
    !!handler_zi                             0x08000204   Section       28  __scatter_zi.o(!!handler_zi)
    .ARM.Collect$$_printf_percent$$00000000  0x08000220   Section        0  _printf_percent.o(.ARM.Collect$$_printf_percent$$00000000)
    .ARM.Collect$$_printf_percent$$00000009  0x08000220   Section        6  _printf_d.o(.ARM.Collect$$_printf_percent$$00000009)
    .ARM.Collect$$_printf_percent$$00000017  0x08000226   Section        4  _printf_percent_end.o(.ARM.Collect$$_printf_percent$$00000017)
    .ARM.Collect$$libinit$$00000000          0x0800022a   Section        2  libinit.o(.ARM.Collect$$libinit$$00000000)
    .ARM.Collect$$libinit$$00000001          0x0800022c   Section        4  libinit2.o(.ARM.Collect$$libinit$$00000001)
    .ARM.Collect$$libinit$$00000008          0x08000230   Section        0  libinit2.o(.ARM.Collect$$libinit$$00000008)
    .ARM.Collect$$libinit$$0000000A          0x08000230   Section        0  libinit2.o(.ARM.Collect$$libinit$$0000000A)
    .ARM.Collect$$libinit$$0000000C          0x08000230   Section        0  libinit2.o(.ARM.Collect$$libinit$$0000000C)
    .ARM.Collect$$libinit$$0000000F          0x08000230   Section        0  libinit2.o(.ARM.Collect$$libinit$$0000000F)
    .ARM.Collect$$libinit$$00000011          0x08000230   Section        0  libinit2.o(.ARM.Collect$$libinit$$00000011)
    .ARM.Collect$$libinit$$00000013          0x08000230   Section        0  libinit2.o(.ARM.Collect$$libinit$$00000013)
    .ARM.Collect$$libinit$$00000015          0x08000230   Section        0  libinit2.o(.ARM.Collect$$libinit$$00000015)
    .ARM.Collect$$libinit$$00000017          0x08000230   Section        0  libinit2.o(.ARM.Collect$$libinit$$00000017)
    .ARM.Collect$$libinit$$00000019          0x08000230   Section        0  libinit2.o(.ARM.Collect$$libinit$$00000019)
    .ARM.Collect$$libinit$$0000001B          0x08000230   Section        0  libinit2.o(.ARM.Collect$$libinit$$0000001B)
    .ARM.Collect$$libinit$$0000001D          0x08000230   Section        0  libinit2.o(.ARM.Collect$$libinit$$0000001D)
    .ARM.Collect$$libinit$$0000001F          0x08000230   Section        0  libinit2.o(.ARM.Collect$$libinit$$0000001F)
    .ARM.Collect$$libinit$$00000021          0x08000230   Section        0  libinit2.o(.ARM.Collect$$libinit$$00000021)
    .ARM.Collect$$libinit$$00000023          0x08000230   Section        0  libinit2.o(.ARM.Collect$$libinit$$00000023)
    .ARM.Collect$$libinit$$0000002A          0x08000230   Section        0  libinit2.o(.ARM.Collect$$libinit$$0000002A)
    .ARM.Collect$$libinit$$0000002C          0x08000230   Section        0  libinit2.o(.ARM.Collect$$libinit$$0000002C)
    .ARM.Collect$$libinit$$0000002E          0x08000230   Section        0  libinit2.o(.ARM.Collect$$libinit$$0000002E)
    .ARM.Collect$$libinit$$00000030          0x08000230   Section        0  libinit2.o(.ARM.Collect$$libinit$$00000030)
    .ARM.Collect$$libinit$$00000031          0x08000230   Section        2  libinit2.o(.ARM.Collect$$libinit$$00000031)
    .ARM.Collect$$libshutdown$$00000000      0x08000232   Section        2  libshutdown.o(.ARM.Collect$$libshutdown$$00000000)
    .ARM.Collect$$libshutdown$$00000003      0x08000234   Section        0  libshutdown2.o(.ARM.Collect$$libshutdown$$00000003)
    .ARM.Collect$$libshutdown$$00000006      0x08000234   Section        0  libshutdown2.o(.ARM.Collect$$libshutdown$$00000006)
    .ARM.Collect$$libshutdown$$00000009      0x08000234   Section        0  libshutdown2.o(.ARM.Collect$$libshutdown$$00000009)
    .ARM.Collect$$libshutdown$$0000000B      0x08000234   Section        0  libshutdown2.o(.ARM.Collect$$libshutdown$$0000000B)
    .ARM.Collect$$libshutdown$$0000000E      0x08000234   Section        0  libshutdown2.o(.ARM.Collect$$libshutdown$$0000000E)
    .ARM.Collect$$libshutdown$$0000000F      0x08000234   Section        2  libshutdown2.o(.ARM.Collect$$libshutdown$$0000000F)
    .ARM.Collect$$rtentry$$00000000          0x08000236   Section        0  rtentry.o(.ARM.Collect$$rtentry$$00000000)
    .ARM.Collect$$rtentry$$00000002          0x08000236   Section        0  rtentry2.o(.ARM.Collect$$rtentry$$00000002)
    .ARM.Collect$$rtentry$$00000004          0x08000236   Section        6  rtentry4.o(.ARM.Collect$$rtentry$$00000004)
    .ARM.Collect$$rtentry$$00000009          0x0800023c   Section        0  rtentry2.o(.ARM.Collect$$rtentry$$00000009)
    .ARM.Collect$$rtentry$$0000000A          0x0800023c   Section        4  rtentry2.o(.ARM.Collect$$rtentry$$0000000A)
    .ARM.Collect$$rtentry$$0000000C          0x08000240   Section        0  rtentry2.o(.ARM.Collect$$rtentry$$0000000C)
    .ARM.Collect$$rtentry$$0000000D          0x08000240   Section        8  rtentry2.o(.ARM.Collect$$rtentry$$0000000D)
    .ARM.Collect$$rtexit$$00000000           0x08000248   Section        2  rtexit.o(.ARM.Collect$$rtexit$$00000000)
    .ARM.Collect$$rtexit$$00000002           0x0800024a   Section        0  rtexit2.o(.ARM.Collect$$rtexit$$00000002)
    .ARM.Collect$$rtexit$$00000003           0x0800024a   Section        4  rtexit2.o(.ARM.Collect$$rtexit$$00000003)
    .ARM.Collect$$rtexit$$00000004           0x0800024e   Section        6  rtexit2.o(.ARM.Collect$$rtexit$$00000004)
    .text                                    0x08000254   Section       64  startup_stm32f429_439xx.o(.text)
    $v0                                      0x08000254   Number         0  startup_stm32f429_439xx.o(.text)
    .text                                    0x08000294   Section        0  noretval__2sprintf.o(.text)
    .text                                    0x080002bc   Section        0  _printf_dec.o(.text)
    .text                                    0x08000334   Section        0  __printf_wp.o(.text)
    .text                                    0x08000442   Section        0  heapauxi.o(.text)
    .text                                    0x08000448   Section        0  _printf_intcommon.o(.text)
    .text                                    0x08000500   Section        0  _printf_char_common.o(.text)
    _printf_input_char                       0x08000501   Thumb Code    10  _printf_char_common.o(.text)
    .text                                    0x08000530   Section        0  _sputc.o(.text)
    .text                                    0x0800053c   Section        8  libspace.o(.text)
    .text                                    0x08000544   Section       74  sys_stackheap_outer.o(.text)
    .text                                    0x0800058e   Section        0  exit.o(.text)
    .text                                    0x0800059c   Section        0  sys_exit.o(.text)
    .text                                    0x080005a8   Section        2  use_no_semi.o(.text)
    .text                                    0x080005aa   Section        0  indicate_semi.o(.text)
    i.BusFault_Handler                       0x080005aa   Section        0  stm32f4xx_it.o(i.BusFault_Handler)
    i.CAN1_RX0_IRQHandler                    0x080005ac   Section        0  stm32f4xx_it.o(i.CAN1_RX0_IRQHandler)
    i.CAN_CancelTransmit                     0x080005fc   Section        0  stm32f4xx_can.o(i.CAN_CancelTransmit)
    i.CAN_ClearFlag                          0x08000620   Section        0  stm32f4xx_can.o(i.CAN_ClearFlag)
    i.CAN_Config                             0x08000650   Section        0  main.o(i.CAN_Config)
    i.CAN_DeInit                             0x0800070c   Section        0  stm32f4xx_can.o(i.CAN_DeInit)
    i.CAN_FilterInit                         0x08000738   Section        0  stm32f4xx_can.o(i.CAN_FilterInit)
    i.CAN_GetFlagStatus                      0x080007fc   Section        0  stm32f4xx_can.o(i.CAN_GetFlagStatus)
    i.CAN_ITConfig                           0x08000830   Section        0  stm32f4xx_can.o(i.CAN_ITConfig)
    i.CAN_Init                               0x08000840   Section        0  stm32f4xx_can.o(i.CAN_Init)
    i.CAN_Receive                            0x08000928   Section        0  stm32f4xx_can.o(i.CAN_Receive)
    i.CAN_Transmit                           0x080009a4   Section        0  stm32f4xx_can.o(i.CAN_Transmit)
    i.CAN_TransmitStatus                     0x08000a3c   Section        0  stm32f4xx_can.o(i.CAN_TransmitStatus)
    i.DebugMon_Handler                       0x08000aa8   Section        0  stm32f4xx_it.o(i.DebugMon_Handler)
    i.Delay                                  0x08000aac   Section        0  main.o(i.Delay)
    i.EXTI0_IRQHandler                       0x08000ac0   Section        0  stm32f4xx_it.o(i.EXTI0_IRQHandler)
    i.EXTI1_IRQHandler                       0x08000ac6   Section        0  stm32f4xx_it.o(i.EXTI1_IRQHandler)
    i.EXTI_ClearITPendingBit                 0x08000acc   Section        0  stm32f4xx_exti.o(i.EXTI_ClearITPendingBit)
    i.EXTI_Init                              0x08000ad8   Section        0  stm32f4xx_exti.o(i.EXTI_Init)
    i.FMC_GetFlagStatus                      0x08000b48   Section        0  stm32f4xx_fmc.o(i.FMC_GetFlagStatus)
    i.FMC_SDRAMCmdConfig                     0x08000b80   Section        0  stm32f4xx_fmc.o(i.FMC_SDRAMCmdConfig)
    i.FMC_SDRAMInit                          0x08000ba4   Section        0  stm32f4xx_fmc.o(i.FMC_SDRAMInit)
    i.FMC_SetRefreshCount                    0x08000c7c   Section        0  stm32f4xx_fmc.o(i.FMC_SetRefreshCount)
    i.GPIO_Init                              0x08000c8c   Section        0  stm32f4xx_gpio.o(i.GPIO_Init)
    i.GPIO_PinAFConfig                       0x08000d04   Section        0  stm32f4xx_gpio.o(i.GPIO_PinAFConfig)
    i.GPIO_ReadInputDataBit                  0x08000d24   Section        0  stm32f4xx_gpio.o(i.GPIO_ReadInputDataBit)
    i.GPIO_ResetBits                         0x08000d32   Section        0  stm32f4xx_gpio.o(i.GPIO_ResetBits)
    i.GPIO_SetBits                           0x08000d36   Section        0  stm32f4xx_gpio.o(i.GPIO_SetBits)
    i.GPIO_WriteBit                          0x08000d3a   Section        0  stm32f4xx_gpio.o(i.GPIO_WriteBit)
    i.HardFault_Handler                      0x08000d44   Section        0  stm32f4xx_it.o(i.HardFault_Handler)
    i.LCD_AF_GPIOConfig                      0x08000d48   Section        0  stm32f429i_discovery_lcd.o(i.LCD_AF_GPIOConfig)
    LCD_AF_GPIOConfig                        0x08000d49   Thumb Code   344  stm32f429i_discovery_lcd.o(i.LCD_AF_GPIOConfig)
    i.LCD_ChipSelect                         0x08000eb8   Section        0  stm32f429i_discovery_lcd.o(i.LCD_ChipSelect)
    i.LCD_Clear                              0x08000ed0   Section        0  stm32f429i_discovery_lcd.o(i.LCD_Clear)
    i.LCD_Config                             0x08000eec   Section        0  main.o(i.LCD_Config)
    i.LCD_CtrlLinesConfig                    0x08000f10   Section        0  stm32f429i_discovery_lcd.o(i.LCD_CtrlLinesConfig)
    i.LCD_CtrlLinesWrite                     0x08000f60   Section        0  stm32f429i_discovery_lcd.o(i.LCD_CtrlLinesWrite)
    i.LCD_DeInit                             0x08000f64   Section        0  stm32f429i_discovery_lcd.o(i.LCD_DeInit)
    i.LCD_DisplayChar                        0x08001180   Section        0  stm32f429i_discovery_lcd.o(i.LCD_DisplayChar)
    i.LCD_DisplayInt                         0x080011a0   Section        0  main.o(i.LCD_DisplayInt)
    i.LCD_DisplayString                      0x080011c0   Section        0  main.o(i.LCD_DisplayString)
    i.LCD_DrawChar                           0x0800120c   Section        0  stm32f429i_discovery_lcd.o(i.LCD_DrawChar)
    i.LCD_GetFont                            0x08001294   Section        0  stm32f429i_discovery_lcd.o(i.LCD_GetFont)
    i.LCD_Init                               0x080012a0   Section        0  stm32f429i_discovery_lcd.o(i.LCD_Init)
    i.LCD_LayerInit                          0x08001338   Section        0  stm32f429i_discovery_lcd.o(i.LCD_LayerInit)
    i.LCD_PowerOn                            0x080013e0   Section        0  stm32f429i_discovery_lcd.o(i.LCD_PowerOn)
    i.LCD_SPIConfig                          0x08001670   Section        0  stm32f429i_discovery_lcd.o(i.LCD_SPIConfig)
    i.LCD_SetLayer                           0x08001734   Section        0  stm32f429i_discovery_lcd.o(i.LCD_SetLayer)
    i.LCD_WriteCommand                       0x08001754   Section        0  stm32f429i_discovery_lcd.o(i.LCD_WriteCommand)
    i.LCD_WriteData                          0x080017a0   Section        0  stm32f429i_discovery_lcd.o(i.LCD_WriteData)
    i.LEDs_Init                              0x080017e8   Section        0  main.o(i.LEDs_Init)
    i.LTDC_Cmd                               0x080017fc   Section        0  stm32f4xx_ltdc.o(i.LTDC_Cmd)
    i.LTDC_DitherCmd                         0x08001818   Section        0  stm32f4xx_ltdc.o(i.LTDC_DitherCmd)
    i.LTDC_Init                              0x08001834   Section        0  stm32f4xx_ltdc.o(i.LTDC_Init)
    i.LTDC_LayerCmd                          0x080018dc   Section        0  stm32f4xx_ltdc.o(i.LTDC_LayerCmd)
    i.LTDC_LayerInit                         0x080018f0   Section        0  stm32f4xx_ltdc.o(i.LTDC_LayerInit)
    i.LTDC_ReloadConfig                      0x08001988   Section        0  stm32f4xx_ltdc.o(i.LTDC_ReloadConfig)
    i.MemManage_Handler                      0x08001994   Section        0  stm32f4xx_it.o(i.MemManage_Handler)
    i.Msg_Display                            0x08001996   Section        0  main.o(i.Msg_Display)
    i.NMI_Handler                            0x080019c8   Section        0  stm32f4xx_it.o(i.NMI_Handler)
    i.NVIC_Config                            0x080019ca   Section        0  main.o(i.NVIC_Config)
    i.NVIC_Init                              0x080019ec   Section        0  misc.o(i.NVIC_Init)
    i.NVIC_SetPriority                       0x08001a50   Section        0  main.o(i.NVIC_SetPriority)
    NVIC_SetPriority                         0x08001a51   Thumb Code    22  main.o(i.NVIC_SetPriority)
    i.NVIC_SystemReset                       0x08001a70   Section        0  main.o(i.NVIC_SystemReset)
    NVIC_SystemReset                         0x08001a71   Thumb Code    24  main.o(i.NVIC_SystemReset)
    i.PendSV_Handler                         0x08001a90   Section        0  stm32f4xx_it.o(i.PendSV_Handler)
    i.RCC_AHB1PeriphClockCmd                 0x08001a94   Section        0  stm32f4xx_rcc.o(i.RCC_AHB1PeriphClockCmd)
    i.RCC_AHB3PeriphClockCmd                 0x08001aac   Section        0  stm32f4xx_rcc.o(i.RCC_AHB3PeriphClockCmd)
    i.RCC_APB1PeriphClockCmd                 0x08001ac4   Section        0  stm32f4xx_rcc.o(i.RCC_APB1PeriphClockCmd)
    i.RCC_APB1PeriphResetCmd                 0x08001adc   Section        0  stm32f4xx_rcc.o(i.RCC_APB1PeriphResetCmd)
    i.RCC_APB2PeriphClockCmd                 0x08001af4   Section        0  stm32f4xx_rcc.o(i.RCC_APB2PeriphClockCmd)
    i.RCC_APB2PeriphResetCmd                 0x08001b0c   Section        0  stm32f4xx_rcc.o(i.RCC_APB2PeriphResetCmd)
    i.RCC_GetFlagStatus                      0x08001b24   Section        0  stm32f4xx_rcc.o(i.RCC_GetFlagStatus)
    i.RCC_LTDCCLKDivConfig                   0x08001b58   Section        0  stm32f4xx_rcc.o(i.RCC_LTDCCLKDivConfig)
    i.RCC_PLLSAICmd                          0x08001b6c   Section        0  stm32f4xx_rcc.o(i.RCC_PLLSAICmd)
    i.RCC_PLLSAIConfig                       0x08001b78   Section        0  stm32f4xx_rcc.o(i.RCC_PLLSAIConfig)
    i.SDRAM_GPIOConfig                       0x08001b8c   Section        0  stm32f429i_discovery_sdram.o(i.SDRAM_GPIOConfig)
    i.SDRAM_Init                             0x08001d9c   Section        0  stm32f429i_discovery_sdram.o(i.SDRAM_Init)
    i.SDRAM_InitSequence                     0x08001df8   Section        0  stm32f429i_discovery_sdram.o(i.SDRAM_InitSequence)
    i.SPI_Cmd                                0x08001eac   Section        0  stm32f4xx_spi.o(i.SPI_Cmd)
    i.SPI_I2S_DeInit                         0x08001ec0   Section        0  stm32f4xx_spi.o(i.SPI_I2S_DeInit)
    i.SPI_I2S_GetFlagStatus                  0x08001f44   Section        0  stm32f4xx_spi.o(i.SPI_I2S_GetFlagStatus)
    i.SPI_I2S_SendData                       0x08001f52   Section        0  stm32f4xx_spi.o(i.SPI_I2S_SendData)
    i.SPI_Init                               0x08001f56   Section        0  stm32f4xx_spi.o(i.SPI_Init)
    i.STM_EVAL_LEDInit                       0x08001f90   Section        0  stm32f429i_discovery.o(i.STM_EVAL_LEDInit)
    i.STM_EVAL_LEDOff                        0x08001fd8   Section        0  stm32f429i_discovery.o(i.STM_EVAL_LEDOff)
    i.STM_EVAL_LEDOn                         0x08001ff0   Section        0  stm32f429i_discovery.o(i.STM_EVAL_LEDOn)
    i.STM_EVAL_PBGetState                    0x08002008   Section        0  stm32f429i_discovery.o(i.STM_EVAL_PBGetState)
    i.STM_EVAL_PBInit                        0x08002020   Section        0  stm32f429i_discovery.o(i.STM_EVAL_PBInit)
    i.SVC_Handler                            0x080020bc   Section        0  stm32f4xx_it.o(i.SVC_Handler)
    i.SYSCFG_EXTILineConfig                  0x080020c0   Section        0  stm32f4xx_syscfg.o(i.SYSCFG_EXTILineConfig)
    i.SetSysClock                            0x080020e8   Section        0  system_stm32f4xx.o(i.SetSysClock)
    SetSysClock                              0x080020e9   Thumb Code   192  system_stm32f4xx.o(i.SetSysClock)
    i.SysTick_Handler                        0x080021b8   Section        0  stm32f4xx_it.o(i.SysTick_Handler)
    i.SystemInit                             0x080021c8   Section        0  system_stm32f4xx.o(i.SystemInit)
    i.TIM3_IRQHandler                        0x08002224   Section        0  stm32f4xx_it.o(i.TIM3_IRQHandler)
    i.UsageFault_Handler                     0x08002230   Section        0  stm32f4xx_it.o(i.UsageFault_Handler)
    i._is_digit                              0x08002232   Section        0  __printf_wp.o(i._is_digit)
    i.delay                                  0x08002240   Section        0  stm32f429i_discovery_lcd.o(i.delay)
    delay                                    0x08002241   Thumb Code    18  stm32f429i_discovery_lcd.o(i.delay)
    i.main                                   0x08002254   Section        0  main.o(i.main)
    x$fpl$fpinit                             0x08002308   Section       10  fpinit.o(x$fpl$fpinit)
    $v0                                      0x08002308   Number         0  fpinit.o(x$fpl$fpinit)
    .constdata                               0x08002314   Section        3  main.o(.constdata)
    .constdata                               0x08002318   Section       24  stm32f429i_discovery.o(.constdata)
    .constdata                               0x08002330   Section     4560  stm32f429i_discovery_lcd.o(.constdata)
    .data                                    0x20000000   Section       12  main.o(.data)
    .data                                    0x2000000c   Section        4  stm32f4xx_it.o(.data)
    .data                                    0x20000010   Section       20  system_stm32f4xx.o(.data)
    .data                                    0x20000024   Section       16  stm32f429i_discovery.o(.data)
    .data                                    0x20000034   Section       24  stm32f429i_discovery_lcd.o(.data)
    CurrentTextColor                         0x20000034   Data           2  stm32f429i_discovery_lcd.o(.data)
    CurrentBackColor                         0x20000036   Data           2  stm32f429i_discovery_lcd.o(.data)
    CurrentFrameBuffer                       0x20000038   Data           4  stm32f429i_discovery_lcd.o(.data)
    CurrentLayer                             0x2000003c   Data           4  stm32f429i_discovery_lcd.o(.data)
    LCD_Currentfonts                         0x20000040   Data           4  stm32f429i_discovery_lcd.o(.data)
    .bss                                     0x2000004c   Section       20  main.o(.bss)
    .bss                                     0x20000060   Section       46  main.o(.bss)
    .bss                                     0x20000090   Section       96  libspace.o(.bss)
    HEAP                                     0x200000f0   Section      512  startup_stm32f429_439xx.o(HEAP)
    Heap_Mem                                 0x200000f0   Data         512  startup_stm32f429_439xx.o(HEAP)
    STACK                                    0x200002f0   Section     1024  startup_stm32f429_439xx.o(STACK)
    Stack_Mem                                0x200002f0   Data        1024  startup_stm32f429_439xx.o(STACK)
    __initial_sp                             0x200006f0   Data           0  startup_stm32f429_439xx.o(STACK)

    Global Symbols

    Symbol Name                              Value     Ov Type        Size  Object(Section)

    BuildAttributes$$THM_ISAv4$E$P$D$K$B$S$7EM$VFPi3$EXTD16$VFPS$VFMA$PE$A:L22UL41UL21$X:L11$S22US41US21$IEEE1$IW$USESV6$~STKCKD$USESV7$~SHL$OTIME$ROPI$IEEEJ$EBA8$UX$STANDARDLIB$REQ8$PRES8$EABIv2 0x00000000   Number         0  anon$$obj.o ABSOLUTE
    __ARM_use_no_argv                        0x00000000   Number         0  main.o ABSOLUTE
    _printf_flags                            0x00000000   Number         0  printf_stubs.o ABSOLUTE
    _printf_return_value                     0x00000000   Number         0  printf_stubs.o ABSOLUTE
    _printf_sizespec                         0x00000000   Number         0  printf_stubs.o ABSOLUTE
    _printf_widthprec                        0x00000000   Number         0  printf_stubs.o ABSOLUTE
    __ARM_exceptions_init                     - Undefined Weak Reference
    __alloca_initialize                       - Undefined Weak Reference
    __cpp_initialize__aeabi_                  - Undefined Weak Reference
    __cxa_finalize                            - Undefined Weak Reference
    __sigvec_lookup                           - Undefined Weak Reference
    _atexit_init                              - Undefined Weak Reference
    _call_atexit_fns                          - Undefined Weak Reference
    _clock_init                               - Undefined Weak Reference
    _fp_trap_init                             - Undefined Weak Reference
    _fp_trap_shutdown                         - Undefined Weak Reference
    _get_lc_collate                           - Undefined Weak Reference
    _get_lc_ctype                             - Undefined Weak Reference
    _get_lc_monetary                          - Undefined Weak Reference
    _get_lc_time                              - Undefined Weak Reference
    _getenv_init                              - Undefined Weak Reference
    _handle_redirection                       - Undefined Weak Reference
    _init_alloc                               - Undefined Weak Reference
    _init_user_alloc                          - Undefined Weak Reference
    _initio                                   - Undefined Weak Reference
    _printf_post_padding                      - Undefined Weak Reference
    _printf_pre_padding                       - Undefined Weak Reference
    _printf_truncate_signed                   - Undefined Weak Reference
    _printf_truncate_unsigned                 - Undefined Weak Reference
    _rand_init                                - Undefined Weak Reference
    _signal_finish                            - Undefined Weak Reference
    _signal_init                              - Undefined Weak Reference
    _terminate_alloc                          - Undefined Weak Reference
    _terminate_user_alloc                     - Undefined Weak Reference
    _terminateio                              - Undefined Weak Reference
    __Vectors_Size                           0x000001ac   Number         0  startup_stm32f429_439xx.o ABSOLUTE
    __Vectors                                0x08000000   Data           4  startup_stm32f429_439xx.o(RESET)
    __Vectors_End                            0x080001ac   Data           0  startup_stm32f429_439xx.o(RESET)
    __main                                   0x080001ad   Thumb Code     8  __main.o(!!!main)
    __scatterload                            0x080001b5   Thumb Code     0  __scatter.o(!!!scatter)
    __scatterload_rt2                        0x080001b5   Thumb Code    44  __scatter.o(!!!scatter)
    __scatterload_rt2_thumb_only             0x080001b5   Thumb Code     0  __scatter.o(!!!scatter)
    __scatterload_null                       0x080001c3   Thumb Code     0  __scatter.o(!!!scatter)
    __scatterload_copy                       0x080001e9   Thumb Code    26  __scatter_copy.o(!!handler_copy)
    __scatterload_zeroinit                   0x08000205   Thumb Code    28  __scatter_zi.o(!!handler_zi)
    _printf_d                                0x08000221   Thumb Code     0  _printf_d.o(.ARM.Collect$$_printf_percent$$00000009)
    _printf_percent                          0x08000221   Thumb Code     0  _printf_percent.o(.ARM.Collect$$_printf_percent$$00000000)
    _printf_percent_end                      0x08000227   Thumb Code     0  _printf_percent_end.o(.ARM.Collect$$_printf_percent$$00000017)
    __rt_lib_init                            0x0800022b   Thumb Code     0  libinit.o(.ARM.Collect$$libinit$$00000000)
    __rt_lib_init_fp_1                       0x0800022d   Thumb Code     0  libinit2.o(.ARM.Collect$$libinit$$00000001)
    __rt_lib_init_alloca_1                   0x08000231   Thumb Code     0  libinit2.o(.ARM.Collect$$libinit$$0000002C)
    __rt_lib_init_argv_1                     0x08000231   Thumb Code     0  libinit2.o(.ARM.Collect$$libinit$$0000002A)
    __rt_lib_init_atexit_1                   0x08000231   Thumb Code     0  libinit2.o(.ARM.Collect$$libinit$$00000019)
    __rt_lib_init_clock_1                    0x08000231   Thumb Code     0  libinit2.o(.ARM.Collect$$libinit$$0000001F)
    __rt_lib_init_cpp_1                      0x08000231   Thumb Code     0  libinit2.o(.ARM.Collect$$libinit$$00000030)
    __rt_lib_init_exceptions_1               0x08000231   Thumb Code     0  libinit2.o(.ARM.Collect$$libinit$$0000002E)
    __rt_lib_init_fp_trap_1                  0x08000231   Thumb Code     0  libinit2.o(.ARM.Collect$$libinit$$0000001D)
    __rt_lib_init_getenv_1                   0x08000231   Thumb Code     0  libinit2.o(.ARM.Collect$$libinit$$00000021)
    __rt_lib_init_heap_1                     0x08000231   Thumb Code     0  libinit2.o(.ARM.Collect$$libinit$$00000008)
    __rt_lib_init_lc_collate_1               0x08000231   Thumb Code     0  libinit2.o(.ARM.Collect$$libinit$$0000000F)
    __rt_lib_init_lc_ctype_1                 0x08000231   Thumb Code     0  libinit2.o(.ARM.Collect$$libinit$$00000011)
    __rt_lib_init_lc_monetary_1              0x08000231   Thumb Code     0  libinit2.o(.ARM.Collect$$libinit$$00000013)
    __rt_lib_init_lc_numeric_1               0x08000231   Thumb Code     0  libinit2.o(.ARM.Collect$$libinit$$00000015)
    __rt_lib_init_lc_time_1                  0x08000231   Thumb Code     0  libinit2.o(.ARM.Collect$$libinit$$00000017)
    __rt_lib_init_rand_1                     0x08000231   Thumb Code     0  libinit2.o(.ARM.Collect$$libinit$$0000000C)
    __rt_lib_init_return                     0x08000231   Thumb Code     0  libinit2.o(.ARM.Collect$$libinit$$00000031)
    __rt_lib_init_signal_1                   0x08000231   Thumb Code     0  libinit2.o(.ARM.Collect$$libinit$$0000001B)
    __rt_lib_init_stdio_1                    0x08000231   Thumb Code     0  libinit2.o(.ARM.Collect$$libinit$$00000023)
    __rt_lib_init_user_alloc_1               0x08000231   Thumb Code     0  libinit2.o(.ARM.Collect$$libinit$$0000000A)
    __rt_lib_shutdown                        0x08000233   Thumb Code     0  libshutdown.o(.ARM.Collect$$libshutdown$$00000000)
    __rt_lib_shutdown_fp_trap_1              0x08000235   Thumb Code     0  libshutdown2.o(.ARM.Collect$$libshutdown$$00000006)
    __rt_lib_shutdown_heap_1                 0x08000235   Thumb Code     0  libshutdown2.o(.ARM.Collect$$libshutdown$$0000000E)
    __rt_lib_shutdown_return                 0x08000235   Thumb Code     0  libshutdown2.o(.ARM.Collect$$libshutdown$$0000000F)
    __rt_lib_shutdown_signal_1               0x08000235   Thumb Code     0  libshutdown2.o(.ARM.Collect$$libshutdown$$00000009)
    __rt_lib_shutdown_stdio_1                0x08000235   Thumb Code     0  libshutdown2.o(.ARM.Collect$$libshutdown$$00000003)
    __rt_lib_shutdown_user_alloc_1           0x08000235   Thumb Code     0  libshutdown2.o(.ARM.Collect$$libshutdown$$0000000B)
    __rt_entry                               0x08000237   Thumb Code     0  rtentry.o(.ARM.Collect$$rtentry$$00000000)
    __rt_entry_presh_1                       0x08000237   Thumb Code     0  rtentry2.o(.ARM.Collect$$rtentry$$00000002)
    __rt_entry_sh                            0x08000237   Thumb Code     0  rtentry4.o(.ARM.Collect$$rtentry$$00000004)
    __rt_entry_li                            0x0800023d   Thumb Code     0  rtentry2.o(.ARM.Collect$$rtentry$$0000000A)
    __rt_entry_postsh_1                      0x0800023d   Thumb Code     0  rtentry2.o(.ARM.Collect$$rtentry$$00000009)
    __rt_entry_main                          0x08000241   Thumb Code     0  rtentry2.o(.ARM.Collect$$rtentry$$0000000D)
    __rt_entry_postli_1                      0x08000241   Thumb Code     0  rtentry2.o(.ARM.Collect$$rtentry$$0000000C)
    __rt_exit                                0x08000249   Thumb Code     0  rtexit.o(.ARM.Collect$$rtexit$$00000000)
    __rt_exit_ls                             0x0800024b   Thumb Code     0  rtexit2.o(.ARM.Collect$$rtexit$$00000003)
    __rt_exit_prels_1                        0x0800024b   Thumb Code     0  rtexit2.o(.ARM.Collect$$rtexit$$00000002)
    __rt_exit_exit                           0x0800024f   Thumb Code     0  rtexit2.o(.ARM.Collect$$rtexit$$00000004)
    Reset_Handler                            0x08000255   Thumb Code     8  startup_stm32f429_439xx.o(.text)
    ADC_IRQHandler                           0x0800026f   Thumb Code     0  startup_stm32f429_439xx.o(.text)
    CAN1_RX1_IRQHandler                      0x0800026f   Thumb Code     0  startup_stm32f429_439xx.o(.text)
    CAN1_SCE_IRQHandler                      0x0800026f   Thumb Code     0  startup_stm32f429_439xx.o(.text)
    CAN1_TX_IRQHandler                       0x0800026f   Thumb Code     0  startup_stm32f429_439xx.o(.text)
    CAN2_RX0_IRQHandler                      0x0800026f   Thumb Code     0  startup_stm32f429_439xx.o(.text)
    CAN2_RX1_IRQHandler                      0x0800026f   Thumb Code     0  startup_stm32f429_439xx.o(.text)
    CAN2_SCE_IRQHandler                      0x0800026f   Thumb Code     0  startup_stm32f429_439xx.o(.text)
    CAN2_TX_IRQHandler                       0x0800026f   Thumb Code     0  startup_stm32f429_439xx.o(.text)
    CRYP_IRQHandler                          0x0800026f   Thumb Code     0  startup_stm32f429_439xx.o(.text)
    DCMI_IRQHandler                          0x0800026f   Thumb Code     0  startup_stm32f429_439xx.o(.text)
    DMA1_Stream0_IRQHandler                  0x0800026f   Thumb Code     0  startup_stm32f429_439xx.o(.text)
    DMA1_Stream1_IRQHandler                  0x0800026f   Thumb Code     0  startup_stm32f429_439xx.o(.text)
    DMA1_Stream2_IRQHandler                  0x0800026f   Thumb Code     0  startup_stm32f429_439xx.o(.text)
    DMA1_Stream3_IRQHandler                  0x0800026f   Thumb Code     0  startup_stm32f429_439xx.o(.text)
    DMA1_Stream4_IRQHandler                  0x0800026f   Thumb Code     0  startup_stm32f429_439xx.o(.text)
    DMA1_Stream5_IRQHandler                  0x0800026f   Thumb Code     0  startup_stm32f429_439xx.o(.text)
    DMA1_Stream6_IRQHandler                  0x0800026f   Thumb Code     0  startup_stm32f429_439xx.o(.text)
    DMA1_Stream7_IRQHandler                  0x0800026f   Thumb Code     0  startup_stm32f429_439xx.o(.text)
    DMA2D_IRQHandler                         0x0800026f   Thumb Code     0  startup_stm32f429_439xx.o(.text)
    DMA2_Stream0_IRQHandler                  0x0800026f   Thumb Code     0  startup_stm32f429_439xx.o(.text)
    DMA2_Stream1_IRQHandler                  0x0800026f   Thumb Code     0  startup_stm32f429_439xx.o(.text)
    DMA2_Stream2_IRQHandler                  0x0800026f   Thumb Code     0  startup_stm32f429_439xx.o(.text)
    DMA2_Stream3_IRQHandler                  0x0800026f   Thumb Code     0  startup_stm32f429_439xx.o(.text)
    DMA2_Stream4_IRQHandler                  0x0800026f   Thumb Code     0  startup_stm32f429_439xx.o(.text)
    DMA2_Stream5_IRQHandler                  0x0800026f   Thumb Code     0  startup_stm32f429_439xx.o(.text)
    DMA2_Stream6_IRQHandler                  0x0800026f   Thumb Code     0  startup_stm32f429_439xx.o(.text)
    DMA2_Stream7_IRQHandler                  0x0800026f   Thumb Code     0  startup_stm32f429_439xx.o(.text)
    ETH_IRQHandler                           0x0800026f   Thumb Code     0  startup_stm32f429_439xx.o(.text)
    ETH_WKUP_IRQHandler                      0x0800026f   Thumb Code     0  startup_stm32f429_439xx.o(.text)
    EXTI15_10_IRQHandler                     0x0800026f   Thumb Code     0  startup_stm32f429_439xx.o(.text)
    EXTI2_IRQHandler                         0x0800026f   Thumb Code     0  startup_stm32f429_439xx.o(.text)
    EXTI3_IRQHandler                         0x0800026f   Thumb Code     0  startup_stm32f429_439xx.o(.text)
    EXTI4_IRQHandler                         0x0800026f   Thumb Code     0  startup_stm32f429_439xx.o(.text)
    EXTI9_5_IRQHandler                       0x0800026f   Thumb Code     0  startup_stm32f429_439xx.o(.text)
    FLASH_IRQHandler                         0x0800026f   Thumb Code     0  startup_stm32f429_439xx.o(.text)
    FMC_IRQHandler                           0x0800026f   Thumb Code     0  startup_stm32f429_439xx.o(.text)
    FPU_IRQHandler                           0x0800026f   Thumb Code     0  startup_stm32f429_439xx.o(.text)
    HASH_RNG_IRQHandler                      0x0800026f   Thumb Code     0  startup_stm32f429_439xx.o(.text)
    I2C1_ER_IRQHandler                       0x0800026f   Thumb Code     0  startup_stm32f429_439xx.o(.text)
    I2C1_EV_IRQHandler                       0x0800026f   Thumb Code     0  startup_stm32f429_439xx.o(.text)
    I2C2_ER_IRQHandler                       0x0800026f   Thumb Code     0  startup_stm32f429_439xx.o(.text)
    I2C2_EV_IRQHandler                       0x0800026f   Thumb Code     0  startup_stm32f429_439xx.o(.text)
    I2C3_ER_IRQHandler                       0x0800026f   Thumb Code     0  startup_stm32f429_439xx.o(.text)
    I2C3_EV_IRQHandler                       0x0800026f   Thumb Code     0  startup_stm32f429_439xx.o(.text)
    LTDC_ER_IRQHandler                       0x0800026f   Thumb Code     0  startup_stm32f429_439xx.o(.text)
    LTDC_IRQHandler                          0x0800026f   Thumb Code     0  startup_stm32f429_439xx.o(.text)
    OTG_FS_IRQHandler                        0x0800026f   Thumb Code     0  startup_stm32f429_439xx.o(.text)
    OTG_FS_WKUP_IRQHandler                   0x0800026f   Thumb Code     0  startup_stm32f429_439xx.o(.text)
    OTG_HS_EP1_IN_IRQHandler                 0x0800026f   Thumb Code     0  startup_stm32f429_439xx.o(.text)
    OTG_HS_EP1_OUT_IRQHandler                0x0800026f   Thumb Code     0  startup_stm32f429_439xx.o(.text)
    OTG_HS_IRQHandler                        0x0800026f   Thumb Code     0  startup_stm32f429_439xx.o(.text)
    OTG_HS_WKUP_IRQHandler                   0x0800026f   Thumb Code     0  startup_stm32f429_439xx.o(.text)
    PVD_IRQHandler                           0x0800026f   Thumb Code     0  startup_stm32f429_439xx.o(.text)
    RCC_IRQHandler                           0x0800026f   Thumb Code     0  startup_stm32f429_439xx.o(.text)
    RTC_Alarm_IRQHandler                     0x0800026f   Thumb Code     0  startup_stm32f429_439xx.o(.text)
    RTC_WKUP_IRQHandler                      0x0800026f   Thumb Code     0  startup_stm32f429_439xx.o(.text)
    SAI1_IRQHandler                          0x0800026f   Thumb Code     0  startup_stm32f429_439xx.o(.text)
    SDIO_IRQHandler                          0x0800026f   Thumb Code     0  startup_stm32f429_439xx.o(.text)
    SPI1_IRQHandler                          0x0800026f   Thumb Code     0  startup_stm32f429_439xx.o(.text)
    SPI2_IRQHandler                          0x0800026f   Thumb Code     0  startup_stm32f429_439xx.o(.text)
    SPI3_IRQHandler                          0x0800026f   Thumb Code     0  startup_stm32f429_439xx.o(.text)
    SPI4_IRQHandler                          0x0800026f   Thumb Code     0  startup_stm32f429_439xx.o(.text)
    SPI5_IRQHandler                          0x0800026f   Thumb Code     0  startup_stm32f429_439xx.o(.text)
    SPI6_IRQHandler                          0x0800026f   Thumb Code     0  startup_stm32f429_439xx.o(.text)
    TAMP_STAMP_IRQHandler                    0x0800026f   Thumb Code     0  startup_stm32f429_439xx.o(.text)
    TIM1_BRK_TIM9_IRQHandler                 0x0800026f   Thumb Code     0  startup_stm32f429_439xx.o(.text)
    TIM1_CC_IRQHandler                       0x0800026f   Thumb Code     0  startup_stm32f429_439xx.o(.text)
    TIM1_TRG_COM_TIM11_IRQHandler            0x0800026f   Thumb Code     0  startup_stm32f429_439xx.o(.text)
    TIM1_UP_TIM10_IRQHandler                 0x0800026f   Thumb Code     0  startup_stm32f429_439xx.o(.text)
    TIM2_IRQHandler                          0x0800026f   Thumb Code     0  startup_stm32f429_439xx.o(.text)
    TIM4_IRQHandler                          0x0800026f   Thumb Code     0  startup_stm32f429_439xx.o(.text)
    TIM5_IRQHandler                          0x0800026f   Thumb Code     0  startup_stm32f429_439xx.o(.text)
    TIM6_DAC_IRQHandler                      0x0800026f   Thumb Code     0  startup_stm32f429_439xx.o(.text)
    TIM7_IRQHandler                          0x0800026f   Thumb Code     0  startup_stm32f429_439xx.o(.text)
    TIM8_BRK_TIM12_IRQHandler                0x0800026f   Thumb Code     0  startup_stm32f429_439xx.o(.text)
    TIM8_CC_IRQHandler                       0x0800026f   Thumb Code     0  startup_stm32f429_439xx.o(.text)
    TIM8_TRG_COM_TIM14_IRQHandler            0x0800026f   Thumb Code     0  startup_stm32f429_439xx.o(.text)
    TIM8_UP_TIM13_IRQHandler                 0x0800026f   Thumb Code     0  startup_stm32f429_439xx.o(.text)
    UART4_IRQHandler                         0x0800026f   Thumb Code     0  startup_stm32f429_439xx.o(.text)
    UART5_IRQHandler                         0x0800026f   Thumb Code     0  startup_stm32f429_439xx.o(.text)
    UART7_IRQHandler                         0x0800026f   Thumb Code     0  startup_stm32f429_439xx.o(.text)
    UART8_IRQHandler                         0x0800026f   Thumb Code     0  startup_stm32f429_439xx.o(.text)
    USART1_IRQHandler                        0x0800026f   Thumb Code     0  startup_stm32f429_439xx.o(.text)
    USART2_IRQHandler                        0x0800026f   Thumb Code     0  startup_stm32f429_439xx.o(.text)
    USART3_IRQHandler                        0x0800026f   Thumb Code     0  startup_stm32f429_439xx.o(.text)
    USART6_IRQHandler                        0x0800026f   Thumb Code     0  startup_stm32f429_439xx.o(.text)
    WWDG_IRQHandler                          0x0800026f   Thumb Code     0  startup_stm32f429_439xx.o(.text)
    __user_initial_stackheap                 0x08000271   Thumb Code     0  startup_stm32f429_439xx.o(.text)
    __2sprintf                               0x08000295   Thumb Code    34  noretval__2sprintf.o(.text)
    _printf_int_dec                          0x080002bd   Thumb Code   102  _printf_dec.o(.text)
    __printf                                 0x08000335   Thumb Code   270  __printf_wp.o(.text)
    __use_two_region_memory                  0x08000443   Thumb Code     2  heapauxi.o(.text)
    __rt_heap_escrow$2region                 0x08000445   Thumb Code     2  heapauxi.o(.text)
    __rt_heap_expand$2region                 0x08000447   Thumb Code     2  heapauxi.o(.text)
    _printf_int_common                       0x08000449   Thumb Code   184  _printf_intcommon.o(.text)
    _printf_char_common                      0x0800050b   Thumb Code    32  _printf_char_common.o(.text)
    _sputc                                   0x08000531   Thumb Code    10  _sputc.o(.text)
    __user_libspace                          0x0800053d   Thumb Code     8  libspace.o(.text)
    __user_perproc_libspace                  0x0800053d   Thumb Code     0  libspace.o(.text)
    __user_perthread_libspace                0x0800053d   Thumb Code     0  libspace.o(.text)
    __user_setup_stackheap                   0x08000545   Thumb Code    74  sys_stackheap_outer.o(.text)
    exit                                     0x0800058f   Thumb Code    12  exit.o(.text)
    _sys_exit                                0x0800059d   Thumb Code     8  sys_exit.o(.text)
    __I$use$semihosting                      0x080005a9   Thumb Code     0  use_no_semi.o(.text)
    __use_no_semihosting_swi                 0x080005a9   Thumb Code     2  use_no_semi.o(.text)
    BusFault_Handler                         0x080005ab   Thumb Code     2  stm32f4xx_it.o(i.BusFault_Handler)
    __semihosting_library_function           0x080005ab   Thumb Code     0  indicate_semi.o(.text)
    CAN1_RX0_IRQHandler                      0x080005ad   Thumb Code    60  stm32f4xx_it.o(i.CAN1_RX0_IRQHandler)
    CAN_CancelTransmit                       0x080005fd   Thumb Code    36  stm32f4xx_can.o(i.CAN_CancelTransmit)
    CAN_ClearFlag                            0x08000621   Thumb Code    44  stm32f4xx_can.o(i.CAN_ClearFlag)
    CAN_Config                               0x08000651   Thumb Code   172  main.o(i.CAN_Config)
    CAN_DeInit                               0x0800070d   Thumb Code    38  stm32f4xx_can.o(i.CAN_DeInit)
    CAN_FilterInit                           0x08000739   Thumb Code   190  stm32f4xx_can.o(i.CAN_FilterInit)
    CAN_GetFlagStatus                        0x080007fd   Thumb Code    52  stm32f4xx_can.o(i.CAN_GetFlagStatus)
    CAN_ITConfig                             0x08000831   Thumb Code    16  stm32f4xx_can.o(i.CAN_ITConfig)
    CAN_Init                                 0x08000841   Thumb Code   232  stm32f4xx_can.o(i.CAN_Init)
    CAN_Receive                              0x08000929   Thumb Code   124  stm32f4xx_can.o(i.CAN_Receive)
    CAN_Transmit                             0x080009a5   Thumb Code   152  stm32f4xx_can.o(i.CAN_Transmit)
    CAN_TransmitStatus                       0x08000a3d   Thumb Code    88  stm32f4xx_can.o(i.CAN_TransmitStatus)
    DebugMon_Handler                         0x08000aa9   Thumb Code     2  stm32f4xx_it.o(i.DebugMon_Handler)
    Delay                                    0x08000aad   Thumb Code    14  main.o(i.Delay)
    EXTI0_IRQHandler                         0x08000ac1   Thumb Code     6  stm32f4xx_it.o(i.EXTI0_IRQHandler)
    EXTI1_IRQHandler                         0x08000ac7   Thumb Code     6  stm32f4xx_it.o(i.EXTI1_IRQHandler)
    EXTI_ClearITPendingBit                   0x08000acd   Thumb Code     6  stm32f4xx_exti.o(i.EXTI_ClearITPendingBit)
    EXTI_Init                                0x08000ad9   Thumb Code   108  stm32f4xx_exti.o(i.EXTI_Init)
    FMC_GetFlagStatus                        0x08000b49   Thumb Code    54  stm32f4xx_fmc.o(i.FMC_GetFlagStatus)
    FMC_SDRAMCmdConfig                       0x08000b81   Thumb Code    30  stm32f4xx_fmc.o(i.FMC_SDRAMCmdConfig)
    FMC_SDRAMInit                            0x08000ba5   Thumb Code   212  stm32f4xx_fmc.o(i.FMC_SDRAMInit)
    FMC_SetRefreshCount                      0x08000c7d   Thumb Code    12  stm32f4xx_fmc.o(i.FMC_SetRefreshCount)
    GPIO_Init                                0x08000c8d   Thumb Code   120  stm32f4xx_gpio.o(i.GPIO_Init)
    GPIO_PinAFConfig                         0x08000d05   Thumb Code    32  stm32f4xx_gpio.o(i.GPIO_PinAFConfig)
    GPIO_ReadInputDataBit                    0x08000d25   Thumb Code    14  stm32f4xx_gpio.o(i.GPIO_ReadInputDataBit)
    GPIO_ResetBits                           0x08000d33   Thumb Code     4  stm32f4xx_gpio.o(i.GPIO_ResetBits)
    GPIO_SetBits                             0x08000d37   Thumb Code     4  stm32f4xx_gpio.o(i.GPIO_SetBits)
    GPIO_WriteBit                            0x08000d3b   Thumb Code    10  stm32f4xx_gpio.o(i.GPIO_WriteBit)
    HardFault_Handler                        0x08000d45   Thumb Code     2  stm32f4xx_it.o(i.HardFault_Handler)
    LCD_ChipSelect                           0x08000eb9   Thumb Code    20  stm32f429i_discovery_lcd.o(i.LCD_ChipSelect)
    LCD_Clear                                0x08000ed1   Thumb Code    22  stm32f429i_discovery_lcd.o(i.LCD_Clear)
    LCD_Config                               0x08000eed   Thumb Code    34  main.o(i.LCD_Config)
    LCD_CtrlLinesConfig                      0x08000f11   Thumb Code    72  stm32f429i_discovery_lcd.o(i.LCD_CtrlLinesConfig)
    LCD_CtrlLinesWrite                       0x08000f61   Thumb Code     4  stm32f429i_discovery_lcd.o(i.LCD_CtrlLinesWrite)
    LCD_DeInit                               0x08000f65   Thumb Code   510  stm32f429i_discovery_lcd.o(i.LCD_DeInit)
    LCD_DisplayChar                          0x08001181   Thumb Code    26  stm32f429i_discovery_lcd.o(i.LCD_DisplayChar)
    LCD_DisplayInt                           0x080011a1   Thumb Code    26  main.o(i.LCD_DisplayInt)
    LCD_DisplayString                        0x080011c1   Thumb Code    74  main.o(i.LCD_DisplayString)
    LCD_DrawChar                             0x0800120d   Thumb Code   130  stm32f429i_discovery_lcd.o(i.LCD_DrawChar)
    LCD_GetFont                              0x08001295   Thumb Code     6  stm32f429i_discovery_lcd.o(i.LCD_GetFont)
    LCD_Init                                 0x080012a1   Thumb Code   152  stm32f429i_discovery_lcd.o(i.LCD_Init)
    LCD_LayerInit                            0x08001339   Thumb Code   156  stm32f429i_discovery_lcd.o(i.LCD_LayerInit)
    LCD_PowerOn                              0x080013e1   Thumb Code   654  stm32f429i_discovery_lcd.o(i.LCD_PowerOn)
    LCD_SPIConfig                            0x08001671   Thumb Code   188  stm32f429i_discovery_lcd.o(i.LCD_SPIConfig)
    LCD_SetLayer                             0x08001735   Thumb Code    24  stm32f429i_discovery_lcd.o(i.LCD_SetLayer)
    LCD_WriteCommand                         0x08001755   Thumb Code    66  stm32f429i_discovery_lcd.o(i.LCD_WriteCommand)
    LCD_WriteData                            0x080017a1   Thumb Code    64  stm32f429i_discovery_lcd.o(i.LCD_WriteData)
    LEDs_Init                                0x080017e9   Thumb Code    18  main.o(i.LEDs_Init)
    LTDC_Cmd                                 0x080017fd   Thumb Code    22  stm32f4xx_ltdc.o(i.LTDC_Cmd)
    LTDC_DitherCmd                           0x08001819   Thumb Code    22  stm32f4xx_ltdc.o(i.LTDC_DitherCmd)
    LTDC_Init                                0x08001835   Thumb Code   156  stm32f4xx_ltdc.o(i.LTDC_Init)
    LTDC_LayerCmd                            0x080018dd   Thumb Code    20  stm32f4xx_ltdc.o(i.LTDC_LayerCmd)
    LTDC_LayerInit                           0x080018f1   Thumb Code   150  stm32f4xx_ltdc.o(i.LTDC_LayerInit)
    LTDC_ReloadConfig                        0x08001989   Thumb Code     6  stm32f4xx_ltdc.o(i.LTDC_ReloadConfig)
    MemManage_Handler                        0x08001995   Thumb Code     2  stm32f4xx_it.o(i.MemManage_Handler)
    Msg_Display                              0x08001997   Thumb Code    50  main.o(i.Msg_Display)
    NMI_Handler                              0x080019c9   Thumb Code     2  stm32f4xx_it.o(i.NMI_Handler)
    NVIC_Config                              0x080019cb   Thumb Code    32  main.o(i.NVIC_Config)
    NVIC_Init                                0x080019ed   Thumb Code    92  misc.o(i.NVIC_Init)
    PendSV_Handler                           0x08001a91   Thumb Code     2  stm32f4xx_it.o(i.PendSV_Handler)
    RCC_AHB1PeriphClockCmd                   0x08001a95   Thumb Code    18  stm32f4xx_rcc.o(i.RCC_AHB1PeriphClockCmd)
    RCC_AHB3PeriphClockCmd                   0x08001aad   Thumb Code    18  stm32f4xx_rcc.o(i.RCC_AHB3PeriphClockCmd)
    RCC_APB1PeriphClockCmd                   0x08001ac5   Thumb Code    18  stm32f4xx_rcc.o(i.RCC_APB1PeriphClockCmd)
    RCC_APB1PeriphResetCmd                   0x08001add   Thumb Code    18  stm32f4xx_rcc.o(i.RCC_APB1PeriphResetCmd)
    RCC_APB2PeriphClockCmd                   0x08001af5   Thumb Code    18  stm32f4xx_rcc.o(i.RCC_APB2PeriphClockCmd)
    RCC_APB2PeriphResetCmd                   0x08001b0d   Thumb Code    18  stm32f4xx_rcc.o(i.RCC_APB2PeriphResetCmd)
    RCC_GetFlagStatus                        0x08001b25   Thumb Code    46  stm32f4xx_rcc.o(i.RCC_GetFlagStatus)
    RCC_LTDCCLKDivConfig                     0x08001b59   Thumb Code    14  stm32f4xx_rcc.o(i.RCC_LTDCCLKDivConfig)
    RCC_PLLSAICmd                            0x08001b6d   Thumb Code     6  stm32f4xx_rcc.o(i.RCC_PLLSAICmd)
    RCC_PLLSAIConfig                         0x08001b79   Thumb Code    16  stm32f4xx_rcc.o(i.RCC_PLLSAIConfig)
    SDRAM_GPIOConfig                         0x08001b8d   Thumb Code   504  stm32f429i_discovery_sdram.o(i.SDRAM_GPIOConfig)
    SDRAM_Init                               0x08001d9d   Thumb Code    92  stm32f429i_discovery_sdram.o(i.SDRAM_Init)
    SDRAM_InitSequence                       0x08001df9   Thumb Code   176  stm32f429i_discovery_sdram.o(i.SDRAM_InitSequence)
    SPI_Cmd                                  0x08001ead   Thumb Code    20  stm32f4xx_spi.o(i.SPI_Cmd)
    SPI_I2S_DeInit                           0x08001ec1   Thumb Code   108  stm32f4xx_spi.o(i.SPI_I2S_DeInit)
    SPI_I2S_GetFlagStatus                    0x08001f45   Thumb Code    14  stm32f4xx_spi.o(i.SPI_I2S_GetFlagStatus)
    SPI_I2S_SendData                         0x08001f53   Thumb Code     4  stm32f4xx_spi.o(i.SPI_I2S_SendData)
    SPI_Init                                 0x08001f57   Thumb Code    56  stm32f4xx_spi.o(i.SPI_Init)
    STM_EVAL_LEDInit                         0x08001f91   Thumb Code    62  stm32f429i_discovery.o(i.STM_EVAL_LEDInit)
    STM_EVAL_LEDOff                          0x08001fd9   Thumb Code    16  stm32f429i_discovery.o(i.STM_EVAL_LEDOff)
    STM_EVAL_LEDOn                           0x08001ff1   Thumb Code    16  stm32f429i_discovery.o(i.STM_EVAL_LEDOn)
    STM_EVAL_PBGetState                      0x08002009   Thumb Code    16  stm32f429i_discovery.o(i.STM_EVAL_PBGetState)
    STM_EVAL_PBInit                          0x08002021   Thumb Code   146  stm32f429i_discovery.o(i.STM_EVAL_PBInit)
    SVC_Handler                              0x080020bd   Thumb Code     2  stm32f4xx_it.o(i.SVC_Handler)
    SYSCFG_EXTILineConfig                    0x080020c1   Thumb Code    34  stm32f4xx_syscfg.o(i.SYSCFG_EXTILineConfig)
    SysTick_Handler                          0x080021b9   Thumb Code    10  stm32f4xx_it.o(i.SysTick_Handler)
    SystemInit                               0x080021c9   Thumb Code    74  system_stm32f4xx.o(i.SystemInit)
    TIM3_IRQHandler                          0x08002225   Thumb Code    12  stm32f4xx_it.o(i.TIM3_IRQHandler)
    UsageFault_Handler                       0x08002231   Thumb Code     2  stm32f4xx_it.o(i.UsageFault_Handler)
    _is_digit                                0x08002233   Thumb Code    14  __printf_wp.o(i._is_digit)
    main                                     0x08002255   Thumb Code   162  main.o(i.main)
    _fp_init                                 0x08002309   Thumb Code    10  fpinit.o(x$fpl$fpinit)
    __fplib_config_fpu_vfp                   0x08002311   Thumb Code     0  fpinit.o(x$fpl$fpinit)
    __fplib_config_pureend_doubles           0x08002311   Thumb Code     0  fpinit.o(x$fpl$fpinit)
    BUTTON_PORT_SOURCE                       0x08002318   Data           1  stm32f429i_discovery.o(.constdata)
    BUTTON_PIN_SOURCE                        0x08002319   Data           1  stm32f429i_discovery.o(.constdata)
    BUTTON_IRQn                              0x0800231a   Data           1  stm32f429i_discovery.o(.constdata)
    BUTTON_PIN                               0x0800231c   Data           2  stm32f429i_discovery.o(.constdata)
    BUTTON_EXTI_LINE                         0x0800231e   Data           2  stm32f429i_discovery.o(.constdata)
    GPIO_PIN                                 0x08002320   Data           4  stm32f429i_discovery.o(.constdata)
    BUTTON_CLK                               0x08002324   Data           4  stm32f429i_discovery.o(.constdata)
    GPIO_CLK                                 0x08002328   Data           8  stm32f429i_discovery.o(.constdata)
    ASCII16x24_Table                         0x08002330   Data        4560  stm32f429i_discovery_lcd.o(.constdata)
    Region$$Table$$Base                      0x08003500   Number         0  anon$$obj.o(Region$$Table)
    Region$$Table$$Limit                     0x08003520   Number         0  anon$$obj.o(Region$$Table)
    TransmitMailbox                          0x20000000   Data           1  main.o(.data)
    GPIO_InitStructure                       0x20000004   Data           8  main.o(.data)
    msCount                                  0x2000000c   Data           4  stm32f4xx_it.o(.data)
    SystemCoreClock                          0x20000010   Data           4  system_stm32f4xx.o(.data)
    AHBPrescTable                            0x20000014   Data          16  system_stm32f4xx.o(.data)
    BUTTON_PORT                              0x20000024   Data           4  stm32f429i_discovery.o(.data)
    NVIC_InitStructure                       0x20000028   Data           4  stm32f429i_discovery.o(.data)
    GPIO_PORT                                0x2000002c   Data           8  stm32f429i_discovery.o(.data)
    Font16x24                                0x20000044   Data           8  stm32f429i_discovery_lcd.o(.data)
    RxMessage                                0x2000004c   Data          20  main.o(.bss)
    TxMessage                                0x20000060   Data          20  main.o(.bss)
    CAN_InitStructure                        0x20000074   Data          12  main.o(.bss)
    CAN_FilterInitStructure                  0x20000080   Data          14  main.o(.bss)
    __libspace_start                         0x20000090   Data          96  libspace.o(.bss)
    __temporary_stack_top$libspace           0x200000f0   Data           0  libspace.o(.bss)



==============================================================================

Memory Map of the image

  Image Entry point : 0x08000255

  Load Region LR_1 (Base: 0x08000000, Size: 0x0000356c, Max: 0xffffffff, ABSOLUTE)

    Execution Region ER_RO (Base: 0x08000000, Size: 0x00003520, Max: 0xffffffff, ABSOLUTE)

    Base Addr    Size         Type   Attr      Idx    E Section Name        Object

    0x08000000   0x000001ac   Data   RO          363    RESET               startup_stm32f429_439xx.o
    0x080001ac   0x00000008   Code   RO         3838  * !!!main             c_w.l(__main.o)
    0x080001b4   0x00000034   Code   RO         4055    !!!scatter          c_w.l(__scatter.o)
    0x080001e8   0x0000001a   Code   RO         4057    !!handler_copy      c_w.l(__scatter_copy.o)
    0x08000202   0x00000002   PAD
    0x08000204   0x0000001c   Code   RO         4059    !!handler_zi        c_w.l(__scatter_zi.o)
    0x08000220   0x00000000   Code   RO         3835    .ARM.Collect$$_printf_percent$$00000000  c_w.l(_printf_percent.o)
    0x08000220   0x00000006   Code   RO         3833    .ARM.Collect$$_printf_percent$$00000009  c_w.l(_printf_d.o)
    0x08000226   0x00000004   Code   RO         3853    .ARM.Collect$$_printf_percent$$00000017  c_w.l(_printf_percent_end.o)
    0x0800022a   0x00000002   Code   RO         3931    .ARM.Collect$$libinit$$00000000  c_w.l(libinit.o)
    0x0800022c   0x00000004   Code   RO         3932    .ARM.Collect$$libinit$$00000001  c_w.l(libinit2.o)
    0x08000230   0x00000000   Code   RO         3936    .ARM.Collect$$libinit$$00000008  c_w.l(libinit2.o)
    0x08000230   0x00000000   Code   RO         3938    .ARM.Collect$$libinit$$0000000A  c_w.l(libinit2.o)
    0x08000230   0x00000000   Code   RO         3940    .ARM.Collect$$libinit$$0000000C  c_w.l(libinit2.o)
    0x08000230   0x00000000   Code   RO         3943    .ARM.Collect$$libinit$$0000000F  c_w.l(libinit2.o)
    0x08000230   0x00000000   Code   RO         3945    .ARM.Collect$$libinit$$00000011  c_w.l(libinit2.o)
    0x08000230   0x00000000   Code   RO         3947    .ARM.Collect$$libinit$$00000013  c_w.l(libinit2.o)
    0x08000230   0x00000000   Code   RO         3949    .ARM.Collect$$libinit$$00000015  c_w.l(libinit2.o)
    0x08000230   0x00000000   Code   RO         3951    .ARM.Collect$$libinit$$00000017  c_w.l(libinit2.o)
    0x08000230   0x00000000   Code   RO         3953    .ARM.Collect$$libinit$$00000019  c_w.l(libinit2.o)
    0x08000230   0x00000000   Code   RO         3955    .ARM.Collect$$libinit$$0000001B  c_w.l(libinit2.o)
    0x08000230   0x00000000   Code   RO         3957    .ARM.Collect$$libinit$$0000001D  c_w.l(libinit2.o)
    0x08000230   0x00000000   Code   RO         3959    .ARM.Collect$$libinit$$0000001F  c_w.l(libinit2.o)
    0x08000230   0x00000000   Code   RO         3961    .ARM.Collect$$libinit$$00000021  c_w.l(libinit2.o)
    0x08000230   0x00000000   Code   RO         3963    .ARM.Collect$$libinit$$00000023  c_w.l(libinit2.o)
    0x08000230   0x00000000   Code   RO         3967    .ARM.Collect$$libinit$$0000002A  c_w.l(libinit2.o)
    0x08000230   0x00000000   Code   RO         3969    .ARM.Collect$$libinit$$0000002C  c_w.l(libinit2.o)
    0x08000230   0x00000000   Code   RO         3971    .ARM.Collect$$libinit$$0000002E  c_w.l(libinit2.o)
    0x08000230   0x00000000   Code   RO         3973    .ARM.Collect$$libinit$$00000030  c_w.l(libinit2.o)
    0x08000230   0x00000002   Code   RO         3974    .ARM.Collect$$libinit$$00000031  c_w.l(libinit2.o)
    0x08000232   0x00000002   Code   RO         4004    .ARM.Collect$$libshutdown$$00000000  c_w.l(libshutdown.o)
    0x08000234   0x00000000   Code   RO         4016    .ARM.Collect$$libshutdown$$00000003  c_w.l(libshutdown2.o)
    0x08000234   0x00000000   Code   RO         4019    .ARM.Collect$$libshutdown$$00000006  c_w.l(libshutdown2.o)
    0x08000234   0x00000000   Code   RO         4022    .ARM.Collect$$libshutdown$$00000009  c_w.l(libshutdown2.o)
    0x08000234   0x00000000   Code   RO         4024    .ARM.Collect$$libshutdown$$0000000B  c_w.l(libshutdown2.o)
    0x08000234   0x00000000   Code   RO         4027    .ARM.Collect$$libshutdown$$0000000E  c_w.l(libshutdown2.o)
    0x08000234   0x00000002   Code   RO         4028    .ARM.Collect$$libshutdown$$0000000F  c_w.l(libshutdown2.o)
    0x08000236   0x00000000   Code   RO         3844    .ARM.Collect$$rtentry$$00000000  c_w.l(rtentry.o)
    0x08000236   0x00000000   Code   RO         3860    .ARM.Collect$$rtentry$$00000002  c_w.l(rtentry2.o)
    0x08000236   0x00000006   Code   RO         3872    .ARM.Collect$$rtentry$$00000004  c_w.l(rtentry4.o)
    0x0800023c   0x00000000   Code   RO         3862    .ARM.Collect$$rtentry$$00000009  c_w.l(rtentry2.o)
    0x0800023c   0x00000004   Code   RO         3863    .ARM.Collect$$rtentry$$0000000A  c_w.l(rtentry2.o)
    0x08000240   0x00000000   Code   RO         3865    .ARM.Collect$$rtentry$$0000000C  c_w.l(rtentry2.o)
    0x08000240   0x00000008   Code   RO         3866    .ARM.Collect$$rtentry$$0000000D  c_w.l(rtentry2.o)
    0x08000248   0x00000002   Code   RO         3975    .ARM.Collect$$rtexit$$00000000  c_w.l(rtexit.o)
    0x0800024a   0x00000000   Code   RO         3982    .ARM.Collect$$rtexit$$00000002  c_w.l(rtexit2.o)
    0x0800024a   0x00000004   Code   RO         3983    .ARM.Collect$$rtexit$$00000003  c_w.l(rtexit2.o)
    0x0800024e   0x00000006   Code   RO         3984    .ARM.Collect$$rtexit$$00000004  c_w.l(rtexit2.o)
    0x08000254   0x00000040   Code   RO          364  * .text               startup_stm32f429_439xx.o
    0x08000294   0x00000028   Code   RO         3807    .text               c_w.l(noretval__2sprintf.o)
    0x080002bc   0x00000078   Code   RO         3811    .text               c_w.l(_printf_dec.o)
    0x08000334   0x0000010e   Code   RO         3821    .text               c_w.l(__printf_wp.o)
    0x08000442   0x00000006   Code   RO         3836    .text               c_w.l(heapauxi.o)
    0x08000448   0x000000b8   Code   RO         3845    .text               c_w.l(_printf_intcommon.o)
    0x08000500   0x00000030   Code   RO         3849    .text               c_w.l(_printf_char_common.o)
    0x08000530   0x0000000a   Code   RO         3851    .text               c_w.l(_sputc.o)
    0x0800053a   0x00000002   PAD
    0x0800053c   0x00000008   Code   RO         3917    .text               c_w.l(libspace.o)
    0x08000544   0x0000004a   Code   RO         3920    .text               c_w.l(sys_stackheap_outer.o)
    0x0800058e   0x0000000c   Code   RO         3922    .text               c_w.l(exit.o)
    0x0800059a   0x00000002   PAD
    0x0800059c   0x0000000c   Code   RO         3994    .text               c_w.l(sys_exit.o)
    0x080005a8   0x00000002   Code   RO         4005    .text               c_w.l(use_no_semi.o)
    0x080005aa   0x00000000   Code   RO         4007    .text               c_w.l(indicate_semi.o)
    0x080005aa   0x00000002   Code   RO          223    i.BusFault_Handler  stm32f4xx_it.o
    0x080005ac   0x00000050   Code   RO          224    i.CAN1_RX0_IRQHandler  stm32f4xx_it.o
    0x080005fc   0x00000024   Code   RO         3203    i.CAN_CancelTransmit  stm32f4xx_can.o
    0x08000620   0x00000030   Code   RO         3204    i.CAN_ClearFlag     stm32f4xx_can.o
    0x08000650   0x000000bc   Code   RO            3    i.CAN_Config        main.o
    0x0800070c   0x0000002c   Code   RO         3207    i.CAN_DeInit        stm32f4xx_can.o
    0x08000738   0x000000c4   Code   RO         3209    i.CAN_FilterInit    stm32f4xx_can.o
    0x080007fc   0x00000034   Code   RO         3210    i.CAN_GetFlagStatus  stm32f4xx_can.o
    0x08000830   0x00000010   Code   RO         3215    i.CAN_ITConfig      stm32f4xx_can.o
    0x08000840   0x000000e8   Code   RO         3216    i.CAN_Init          stm32f4xx_can.o
    0x08000928   0x0000007c   Code   RO         3219    i.CAN_Receive       stm32f4xx_can.o
    0x080009a4   0x00000098   Code   RO         3224    i.CAN_Transmit      stm32f4xx_can.o
    0x08000a3c   0x0000006c   Code   RO         3225    i.CAN_TransmitStatus  stm32f4xx_can.o
    0x08000aa8   0x00000002   Code   RO          225    i.DebugMon_Handler  stm32f4xx_it.o
    0x08000aaa   0x00000002   PAD
    0x08000aac   0x00000014   Code   RO            4    i.Delay             main.o
    0x08000ac0   0x00000006   Code   RO          226    i.EXTI0_IRQHandler  stm32f4xx_it.o
    0x08000ac6   0x00000006   Code   RO          227    i.EXTI1_IRQHandler  stm32f4xx_it.o
    0x08000acc   0x0000000c   Code   RO          913    i.EXTI_ClearITPendingBit  stm32f4xx_exti.o
    0x08000ad8   0x00000070   Code   RO          918    i.EXTI_Init         stm32f4xx_exti.o
    0x08000b48   0x00000036   Code   RO          977    i.FMC_GetFlagStatus  stm32f4xx_fmc.o
    0x08000b7e   0x00000002   PAD
    0x08000b80   0x00000024   Code   RO          994    i.FMC_SDRAMCmdConfig  stm32f4xx_fmc.o
    0x08000ba4   0x000000d8   Code   RO          996    i.FMC_SDRAMInit     stm32f4xx_fmc.o
    0x08000c7c   0x00000010   Code   RO         1000    i.FMC_SetRefreshCount  stm32f4xx_fmc.o
    0x08000c8c   0x00000078   Code   RO         1151    i.GPIO_Init         stm32f4xx_gpio.o
    0x08000d04   0x00000020   Code   RO         1152    i.GPIO_PinAFConfig  stm32f4xx_gpio.o
    0x08000d24   0x0000000e   Code   RO         1155    i.GPIO_ReadInputDataBit  stm32f4xx_gpio.o
    0x08000d32   0x00000004   Code   RO         1158    i.GPIO_ResetBits    stm32f4xx_gpio.o
    0x08000d36   0x00000004   Code   RO         1159    i.GPIO_SetBits      stm32f4xx_gpio.o
    0x08000d3a   0x0000000a   Code   RO         1163    i.GPIO_WriteBit     stm32f4xx_gpio.o
    0x08000d44   0x00000002   Code   RO          228    i.HardFault_Handler  stm32f4xx_it.o
    0x08000d46   0x00000002   PAD
    0x08000d48   0x00000170   Code   RO         3439    i.LCD_AF_GPIOConfig  stm32f429i_discovery_lcd.o
    0x08000eb8   0x00000018   Code   RO         3440    i.LCD_ChipSelect    stm32f429i_discovery_lcd.o
    0x08000ed0   0x0000001c   Code   RO         3441    i.LCD_Clear         stm32f429i_discovery_lcd.o
    0x08000eec   0x00000022   Code   RO            5    i.LCD_Config        main.o
    0x08000f0e   0x00000002   PAD
    0x08000f10   0x00000050   Code   RO         3445    i.LCD_CtrlLinesConfig  stm32f429i_discovery_lcd.o
    0x08000f60   0x00000004   Code   RO         3446    i.LCD_CtrlLinesWrite  stm32f429i_discovery_lcd.o
    0x08000f64   0x0000021c   Code   RO         3447    i.LCD_DeInit        stm32f429i_discovery_lcd.o
    0x08001180   0x00000020   Code   RO         3448    i.LCD_DisplayChar   stm32f429i_discovery_lcd.o
    0x080011a0   0x00000020   Code   RO            7    i.LCD_DisplayInt    main.o
    0x080011c0   0x0000004a   Code   RO            8    i.LCD_DisplayString  main.o
    0x0800120a   0x00000002   PAD
    0x0800120c   0x00000088   Code   RO         3452    i.LCD_DrawChar      stm32f429i_discovery_lcd.o
    0x08001294   0x0000000c   Code   RO         3465    i.LCD_GetFont       stm32f429i_discovery_lcd.o
    0x080012a0   0x00000098   Code   RO         3466    i.LCD_Init          stm32f429i_discovery_lcd.o
    0x08001338   0x000000a8   Code   RO         3467    i.LCD_LayerInit     stm32f429i_discovery_lcd.o
    0x080013e0   0x0000028e   Code   RO         3471    i.LCD_PowerOn       stm32f429i_discovery_lcd.o
    0x0800166e   0x00000002   PAD
    0x08001670   0x000000c4   Code   RO         3473    i.LCD_SPIConfig     stm32f429i_discovery_lcd.o
    0x08001734   0x00000020   Code   RO         3480    i.LCD_SetLayer      stm32f429i_discovery_lcd.o
    0x08001754   0x0000004c   Code   RO         3486    i.LCD_WriteCommand  stm32f429i_discovery_lcd.o
    0x080017a0   0x00000048   Code   RO         3487    i.LCD_WriteData     stm32f429i_discovery_lcd.o
    0x080017e8   0x00000012   Code   RO            9    i.LEDs_Init         main.o
    0x080017fa   0x00000002   PAD
    0x080017fc   0x0000001c   Code   RO         1477    i.LTDC_Cmd          stm32f4xx_ltdc.o
    0x08001818   0x0000001c   Code   RO         1481    i.LTDC_DitherCmd    stm32f4xx_ltdc.o
    0x08001834   0x000000a8   Code   RO         1488    i.LTDC_Init         stm32f4xx_ltdc.o
    0x080018dc   0x00000014   Code   RO         1492    i.LTDC_LayerCmd     stm32f4xx_ltdc.o
    0x080018f0   0x00000096   Code   RO         1493    i.LTDC_LayerInit    stm32f4xx_ltdc.o
    0x08001986   0x00000002   PAD
    0x08001988   0x0000000c   Code   RO         1500    i.LTDC_ReloadConfig  stm32f4xx_ltdc.o
    0x08001994   0x00000002   Code   RO          229    i.MemManage_Handler  stm32f4xx_it.o
    0x08001996   0x00000032   Code   RO           10    i.Msg_Display       main.o
    0x080019c8   0x00000002   Code   RO          230    i.NMI_Handler       stm32f4xx_it.o
    0x080019ca   0x00000020   Code   RO           11    i.NVIC_Config       main.o
    0x080019ea   0x00000002   PAD
    0x080019ec   0x00000064   Code   RO          370    i.NVIC_Init         misc.o
    0x08001a50   0x00000020   Code   RO           12    i.NVIC_SetPriority  main.o
    0x08001a70   0x00000020   Code   RO           13    i.NVIC_SystemReset  main.o
    0x08001a90   0x00000002   Code   RO          231    i.PendSV_Handler    stm32f4xx_it.o
    0x08001a92   0x00000002   PAD
    0x08001a94   0x00000018   Code   RO         1666    i.RCC_AHB1PeriphClockCmd  stm32f4xx_rcc.o
    0x08001aac   0x00000018   Code   RO         1672    i.RCC_AHB3PeriphClockCmd  stm32f4xx_rcc.o
    0x08001ac4   0x00000018   Code   RO         1675    i.RCC_APB1PeriphClockCmd  stm32f4xx_rcc.o
    0x08001adc   0x00000018   Code   RO         1677    i.RCC_APB1PeriphResetCmd  stm32f4xx_rcc.o
    0x08001af4   0x00000018   Code   RO         1678    i.RCC_APB2PeriphClockCmd  stm32f4xx_rcc.o
    0x08001b0c   0x00000018   Code   RO         1680    i.RCC_APB2PeriphResetCmd  stm32f4xx_rcc.o
    0x08001b24   0x00000034   Code   RO         1688    i.RCC_GetFlagStatus  stm32f4xx_rcc.o
    0x08001b58   0x00000014   Code   RO         1698    i.RCC_LTDCCLKDivConfig  stm32f4xx_rcc.o
    0x08001b6c   0x0000000c   Code   RO         1707    i.RCC_PLLSAICmd     stm32f4xx_rcc.o
    0x08001b78   0x00000014   Code   RO         1708    i.RCC_PLLSAIConfig  stm32f4xx_rcc.o
    0x08001b8c   0x00000210   Code   RO         3761    i.SDRAM_GPIOConfig  stm32f429i_discovery_sdram.o
    0x08001d9c   0x0000005c   Code   RO         3762    i.SDRAM_Init        stm32f429i_discovery_sdram.o
    0x08001df8   0x000000b4   Code   RO         3763    i.SDRAM_InitSequence  stm32f429i_discovery_sdram.o
    0x08001eac   0x00000014   Code   RO         2000    i.SPI_Cmd           stm32f4xx_spi.o
    0x08001ec0   0x00000084   Code   RO         2007    i.SPI_I2S_DeInit    stm32f4xx_spi.o
    0x08001f44   0x0000000e   Code   RO         2008    i.SPI_I2S_GetFlagStatus  stm32f4xx_spi.o
    0x08001f52   0x00000004   Code   RO         2012    i.SPI_I2S_SendData  stm32f4xx_spi.o
    0x08001f56   0x00000038   Code   RO         2013    i.SPI_Init          stm32f4xx_spi.o
    0x08001f8e   0x00000002   PAD
    0x08001f90   0x00000048   Code   RO         3366    i.STM_EVAL_LEDInit  stm32f429i_discovery.o
    0x08001fd8   0x00000018   Code   RO         3367    i.STM_EVAL_LEDOff   stm32f429i_discovery.o
    0x08001ff0   0x00000018   Code   RO         3368    i.STM_EVAL_LEDOn    stm32f429i_discovery.o
    0x08002008   0x00000018   Code   RO         3370    i.STM_EVAL_PBGetState  stm32f429i_discovery.o
    0x08002020   0x0000009c   Code   RO         3371    i.STM_EVAL_PBInit   stm32f429i_discovery.o
    0x080020bc   0x00000002   Code   RO          232    i.SVC_Handler       stm32f4xx_it.o
    0x080020be   0x00000002   PAD
    0x080020c0   0x00000028   Code   RO         2161    i.SYSCFG_EXTILineConfig  stm32f4xx_syscfg.o
    0x080020e8   0x000000d0   Code   RO          326    i.SetSysClock       system_stm32f4xx.o
    0x080021b8   0x00000010   Code   RO          233    i.SysTick_Handler   stm32f4xx_it.o
    0x080021c8   0x0000005c   Code   RO          328    i.SystemInit        system_stm32f4xx.o
    0x08002224   0x0000000c   Code   RO          234    i.TIM3_IRQHandler   stm32f4xx_it.o
    0x08002230   0x00000002   Code   RO          235    i.UsageFault_Handler  stm32f4xx_it.o
    0x08002232   0x0000000e   Code   RO         3823    i._is_digit         c_w.l(__printf_wp.o)
    0x08002240   0x00000012   Code   RO         3488    i.delay             stm32f429i_discovery_lcd.o
    0x08002252   0x00000002   PAD
    0x08002254   0x000000b4   Code   RO           14    i.main              main.o
    0x08002308   0x0000000a   Code   RO         3979    x$fpl$fpinit        fz_wm.l(fpinit.o)
    0x08002312   0x00000002   PAD
    0x08002314   0x00000003   Data   RO           18    .constdata          main.o
    0x08002317   0x00000001   PAD
    0x08002318   0x00000018   Data   RO         3376    .constdata          stm32f429i_discovery.o
    0x08002330   0x000011d0   Data   RO         3489    .constdata          stm32f429i_discovery_lcd.o
    0x08003500   0x00000020   Data   RO         4053    Region$$Table       anon$$obj.o


    Execution Region ER_RW (Base: 0x20000000, Size: 0x0000004c, Max: 0xffffffff, ABSOLUTE)

    Base Addr    Size         Type   Attr      Idx    E Section Name        Object

    0x20000000   0x0000000c   Data   RW           19    .data               main.o
    0x2000000c   0x00000004   Data   RW          236    .data               stm32f4xx_it.o
    0x20000010   0x00000014   Data   RW          329    .data               system_stm32f4xx.o
    0x20000024   0x00000010   Data   RW         3377    .data               stm32f429i_discovery.o
    0x20000034   0x00000018   Data   RW         3493    .data               stm32f429i_discovery_lcd.o


    Execution Region ER_ZI (Base: 0x2000004c, Size: 0x000006a4, Max: 0xffffffff, ABSOLUTE)

    Base Addr    Size         Type   Attr      Idx    E Section Name        Object

    0x2000004c   0x00000014   Zero   RW           16    .bss                main.o
    0x20000060   0x0000002e   Zero   RW           17    .bss                main.o
    0x2000008e   0x00000002   PAD
    0x20000090   0x00000060   Zero   RW         3918    .bss                c_w.l(libspace.o)
    0x200000f0   0x00000200   Zero   RW          362    HEAP                startup_stm32f429_439xx.o
    0x200002f0   0x00000400   Zero   RW          361    STACK               startup_stm32f429_439xx.o


==============================================================================

Image component sizes


      Code (inc. data)   RO Data    RW Data    ZI Data      Debug   Object Name

       692         64          3         12         66     335259   main.o
       100          8          0          0          0       1220   misc.o
        64         26        428          0       1536        816   startup_stm32f429_439xx.o
       300         44         24         16          0       4756   stm32f429i_discovery.o
      2592        136       4560         24          0      15471   stm32f429i_discovery_lcd.o
       800         28          0          0          0       3193   stm32f429i_discovery_sdram.o
      1008         36          0          0          0       8851   stm32f4xx_can.o
       124         10          0          0          0       1889   stm32f4xx_exti.o
       322         14          0          0          0       3923   stm32f4xx_fmc.o
       184          0          0          0          0       4643   stm32f4xx_gpio.o
       136         26          0          4          0       6700   stm32f4xx_it.o
       406         30          0          0          0       4801   stm32f4xx_ltdc.o
       248         58          0          0          0       6760   stm32f4xx_rcc.o
       226         24          0          0          0       4181   stm32f4xx_spi.o
        40          6          0          0          0        724   stm32f4xx_syscfg.o
       300         34          0         20          0       1873   system_stm32f4xx.o

    ----------------------------------------------------------------------
      7568        544       5048         76       1604     405060   Object Totals
         0          0         32          0          0          0   (incl. Generated)
        26          0          1          0          2          0   (incl. Padding)

    ----------------------------------------------------------------------

      Code (inc. data)   RO Data    RW Data    ZI Data      Debug   Library Member Name

         8          0          0          0          0         68   __main.o
       284          0          0          0          0        156   __printf_wp.o
        52          8          0          0          0          0   __scatter.o
        26          0          0          0          0          0   __scatter_copy.o
        28          0          0          0          0          0   __scatter_zi.o
        48          6          0          0          0         96   _printf_char_common.o
         6          0          0          0          0          0   _printf_d.o
       120         18          0          0          0         92   _printf_dec.o
       184          0          0          0          0         88   _printf_intcommon.o
         0          0          0          0          0          0   _printf_percent.o
         4          0          0          0          0          0   _printf_percent_end.o
        10          0          0          0          0         68   _sputc.o
        12          0          0          0          0         72   exit.o
         6          0          0          0          0        152   heapauxi.o
         0          0          0          0          0          0   indicate_semi.o
         2          0          0          0          0          0   libinit.o
         6          0          0          0          0          0   libinit2.o
         2          0          0          0          0          0   libshutdown.o
         2          0          0          0          0          0   libshutdown2.o
         8          4          0          0         96         68   libspace.o
        40          6          0          0          0         84   noretval__2sprintf.o
         0          0          0          0          0          0   rtentry.o
        12          0          0          0          0          0   rtentry2.o
         6          0          0          0          0          0   rtentry4.o
         2          0          0          0          0          0   rtexit.o
        10          0          0          0          0          0   rtexit2.o
        12          4          0          0          0         68   sys_exit.o
        74          0          0          0          0         80   sys_stackheap_outer.o
         2          0          0          0          0         68   use_no_semi.o
        10          0          0          0          0        116   fpinit.o

    ----------------------------------------------------------------------
       984         46          0          0         96       1276   Library Totals
         8          0          0          0          0          0   (incl. Padding)

    ----------------------------------------------------------------------

      Code (inc. data)   RO Data    RW Data    ZI Data      Debug   Library Name

       966         46          0          0         96       1160   c_w.l
        10          0          0          0          0        116   fz_wm.l

    ----------------------------------------------------------------------
       984         46          0          0         96       1276   Library Totals

    ----------------------------------------------------------------------

==============================================================================


      Code (inc. data)   RO Data    RW Data    ZI Data      Debug   

      8552        590       5048         76       1700     396712   Grand Totals
      8552        590       5048         76       1700     396712   ELF Image Totals
      8552        590       5048         76          0          0   ROM Totals

==============================================================================

    Total RO  Size (Code + RO Data)                13600 (  13.28kB)
    Total RW  Size (RW Data + ZI Data)              1776 (   1.73kB)
    Total ROM Size (Code + RO Data + RW Data)      13676 (  13.36kB)

==============================================================================

