<html>
<body>
<pre>
<h1>µVision Build Log</h1>
<h2>Project:</h2>
C:\Users\mos-o\Desktop\THIRD YEAR SECOND TERM\MECHTRON 3TB4\3TB4 Labs\lab1_starter2\lab1.uvproj
Project File Date:  01/23/2017

<h2>Output:</h2>
Build target 'lab1'
compiling main.c...
linking...
Program Size: Code=8552 RO-data=5048 RW-data=76 ZI-data=1700  
".\lab1.axf" - 0 Error(s), 0 Warning(s).
Load "C:\\Users\\mos-o\\Desktop\\THIRD YEAR SECOND TERM\\MECHTRON 3TB4\\3TB4 Labs\\lab1_starter2\\lab1.axf" 
Erase Done.
Programming Done.
Verify OK.
Load "C:\\Users\\mos-o\\Desktop\\THIRD YEAR SECOND TERM\\MECHTRON 3TB4\\3TB4 Labs\\lab1_starter2\\lab1.axf" 
Erase Done.
Programming Done.
Verify OK.
</pre>
</body>
</html>
.
